#0 building with "desktop-linux" instance using docker driver

#1 [internal] load build definition from Dockerfile
#1 transferring dockerfile: 1.56kB 0.0s done
#1 DONE 0.0s

#2 [internal] load metadata for public.ecr.aws/sam/build-python3.13:latest
#2 DONE 3.6s

#3 [internal] load .dockerignore
#3 transferring context: 2B done
#3 DONE 0.1s

#4 [1/2] FROM public.ecr.aws/sam/build-python3.13:latest@sha256:37ec6bb4a7ffbab3e594d4c3505bcd76b28089dbc3280840ce42c711802ec672
#4 resolve public.ecr.aws/sam/build-python3.13:latest@sha256:37ec6bb4a7ffbab3e594d4c3505bcd76b28089dbc3280840ce42c711802ec672 0.0s done
#4 DONE 0.0s

#4 [1/2] FROM public.ecr.aws/sam/build-python3.13:latest@sha256:37ec6bb4a7ffbab3e594d4c3505bcd76b28089dbc3280840ce42c711802ec672
#4 DONE 0.2s

#4 [1/2] FROM public.ecr.aws/sam/build-python3.13:latest@sha256:37ec6bb4a7ffbab3e594d4c3505bcd76b28089dbc3280840ce42c711802ec672
#4 sha256:a318b511dbffaeacf20b7aebbf08a7a96f7b61fb49879a35bd0729d3c6b0ac2f 0B / 122.19kB 0.2s
#4 sha256:a318b511dbffaeacf20b7aebbf08a7a96f7b61fb49879a35bd0729d3c6b0ac2f 122.19kB / 122.19kB 0.3s done
#4 sha256:ba9d7fa7d778b65c3c59d5f9fa40150b71446f345f43103eaf2fc46e812e2de9 0B / 4.38MB 0.2s
#4 sha256:3603aa7e30d0c179b61749d236ec43b94c3144798c3a39d3aca1901ebbb13d0a 0B / 5.34MB 0.2s
#4 sha256:26e1de4855990521f69e3a6ebf5c90b5bc90571e921916275b0a1394a40e7784 0B / 3.20MB 0.2s
#4 sha256:6061791c78797538e556e4a75f61216987b0f24b74f75816f1cc9a20e2e83af0 0B / 1.72MB 0.2s
#4 sha256:3603aa7e30d0c179b61749d236ec43b94c3144798c3a39d3aca1901ebbb13d0a 5.34MB / 5.34MB 0.9s done
#4 sha256:6061791c78797538e556e4a75f61216987b0f24b74f75816f1cc9a20e2e83af0 1.72MB / 1.72MB 0.7s done
#4 sha256:ba9d7fa7d778b65c3c59d5f9fa40150b71446f345f43103eaf2fc46e812e2de9 2.10MB / 4.38MB 1.1s
#4 sha256:6948d2a0fc05b718847c6a7bb330c723422f3b3fa31144099de979e9d4e80b1f 0B / 5.21kB 0.2s
#4 sha256:ba9d7fa7d778b65c3c59d5f9fa40150b71446f345f43103eaf2fc46e812e2de9 4.19MB / 4.38MB 1.2s
#4 sha256:6948d2a0fc05b718847c6a7bb330c723422f3b3fa31144099de979e9d4e80b1f 5.21kB / 5.21kB 0.3s done
#4 sha256:ea064937e6087a38964fed1725c5b8f19233498cecf73d8b653ae2c93809c1ed 0B / 74.40MB 0.2s
#4 sha256:ba9d7fa7d778b65c3c59d5f9fa40150b71446f345f43103eaf2fc46e812e2de9 4.38MB / 4.38MB 1.3s done
#4 sha256:0f82522a35f0fa2e5b3c8a0ff6a77000df9ee949399ff17deb4963ecd5b6b9d7 0B / 255.66MB 0.2s
#4 sha256:26e1de4855990521f69e3a6ebf5c90b5bc90571e921916275b0a1394a40e7784 3.20MB / 3.20MB 1.5s done
#4 sha256:6ec3e28f2ca45fad4dc78474e958b56b6efe9eb171ddb62deaa225b01d4bcf55 0B / 59.37MB 0.2s
#4 sha256:55c31cce4179064fa5266ad5edb0cda666f7c309ab9cc38ef35e95aac6f2c673 0B / 125.23MB 0.2s
#4 sha256:6ec3e28f2ca45fad4dc78474e958b56b6efe9eb171ddb62deaa225b01d4bcf55 4.19MB / 59.37MB 0.5s
#4 sha256:ea064937e6087a38964fed1725c5b8f19233498cecf73d8b653ae2c93809c1ed 4.19MB / 74.40MB 1.2s
#4 sha256:0f82522a35f0fa2e5b3c8a0ff6a77000df9ee949399ff17deb4963ecd5b6b9d7 13.62MB / 255.66MB 0.9s
#4 sha256:6ec3e28f2ca45fad4dc78474e958b56b6efe9eb171ddb62deaa225b01d4bcf55 11.58MB / 59.37MB 0.9s
#4 sha256:ea064937e6087a38964fed1725c5b8f19233498cecf73d8b653ae2c93809c1ed 8.39MB / 74.40MB 1.4s
#4 sha256:6ec3e28f2ca45fad4dc78474e958b56b6efe9eb171ddb62deaa225b01d4bcf55 15.73MB / 59.37MB 1.1s
#4 sha256:6ec3e28f2ca45fad4dc78474e958b56b6efe9eb171ddb62deaa225b01d4bcf55 20.30MB / 59.37MB 1.5s
#4 sha256:0f82522a35f0fa2e5b3c8a0ff6a77000df9ee949399ff17deb4963ecd5b6b9d7 28.31MB / 255.66MB 1.8s
#4 sha256:6ec3e28f2ca45fad4dc78474e958b56b6efe9eb171ddb62deaa225b01d4bcf55 25.17MB / 59.37MB 1.7s
#4 sha256:6ec3e28f2ca45fad4dc78474e958b56b6efe9eb171ddb62deaa225b01d4bcf55 28.31MB / 59.37MB 1.8s
#4 sha256:6ec3e28f2ca45fad4dc78474e958b56b6efe9eb171ddb62deaa225b01d4bcf55 32.51MB / 59.37MB 2.0s
#4 sha256:55c31cce4179064fa5266ad5edb0cda666f7c309ab9cc38ef35e95aac6f2c673 8.39MB / 125.23MB 1.8s
#4 sha256:6ec3e28f2ca45fad4dc78474e958b56b6efe9eb171ddb62deaa225b01d4bcf55 35.65MB / 59.37MB 2.1s
#4 sha256:0f82522a35f0fa2e5b3c8a0ff6a77000df9ee949399ff17deb4963ecd5b6b9d7 41.94MB / 255.66MB 2.6s
#4 sha256:6ec3e28f2ca45fad4dc78474e958b56b6efe9eb171ddb62deaa225b01d4bcf55 40.89MB / 59.37MB 2.4s
#4 sha256:6ec3e28f2ca45fad4dc78474e958b56b6efe9eb171ddb62deaa225b01d4bcf55 44.04MB / 59.37MB 2.6s
#4 sha256:6ec3e28f2ca45fad4dc78474e958b56b6efe9eb171ddb62deaa225b01d4bcf55 47.19MB / 59.37MB 2.7s
#4 sha256:55c31cce4179064fa5266ad5edb0cda666f7c309ab9cc38ef35e95aac6f2c673 15.73MB / 125.23MB 2.6s
#4 sha256:6ec3e28f2ca45fad4dc78474e958b56b6efe9eb171ddb62deaa225b01d4bcf55 51.38MB / 59.37MB 2.9s
#4 sha256:6ec3e28f2ca45fad4dc78474e958b56b6efe9eb171ddb62deaa225b01d4bcf55 54.53MB / 59.37MB 3.0s
#4 sha256:ea064937e6087a38964fed1725c5b8f19233498cecf73d8b653ae2c93809c1ed 14.68MB / 74.40MB 3.6s
#4 sha256:ea064937e6087a38964fed1725c5b8f19233498cecf73d8b653ae2c93809c1ed 22.02MB / 74.40MB 3.8s
#4 sha256:0f82522a35f0fa2e5b3c8a0ff6a77000df9ee949399ff17deb4963ecd5b6b9d7 57.67MB / 255.66MB 3.5s
#4 sha256:6ec3e28f2ca45fad4dc78474e958b56b6efe9eb171ddb62deaa225b01d4bcf55 57.67MB / 59.37MB 3.3s
#4 sha256:55c31cce4179064fa5266ad5edb0cda666f7c309ab9cc38ef35e95aac6f2c673 23.07MB / 125.23MB 3.2s
#4 sha256:ea064937e6087a38964fed1725c5b8f19233498cecf73d8b653ae2c93809c1ed 27.26MB / 74.40MB 4.1s
#4 sha256:55c31cce4179064fa5266ad5edb0cda666f7c309ab9cc38ef35e95aac6f2c673 30.41MB / 125.23MB 3.6s
#4 sha256:ea064937e6087a38964fed1725c5b8f19233498cecf73d8b653ae2c93809c1ed 33.55MB / 74.40MB 4.4s
#4 sha256:0f82522a35f0fa2e5b3c8a0ff6a77000df9ee949399ff17deb4963ecd5b6b9d7 71.30MB / 255.66MB 4.1s
#4 sha256:6ec3e28f2ca45fad4dc78474e958b56b6efe9eb171ddb62deaa225b01d4bcf55 59.37MB / 59.37MB 4.3s done
#4 sha256:ea064937e6087a38964fed1725c5b8f19233498cecf73d8b653ae2c93809c1ed 38.80MB / 74.40MB 5.1s
#4 sha256:55c31cce4179064fa5266ad5edb0cda666f7c309ab9cc38ef35e95aac6f2c673 39.85MB / 125.23MB 4.7s
#4 sha256:36b929a4ae1df723145f8cf737b0a8823400d51e6a098268befa84ce872baadf 0B / 14.19kB 0.2s
#4 sha256:ea064937e6087a38964fed1725c5b8f19233498cecf73d8b653ae2c93809c1ed 42.99MB / 74.40MB 5.4s
#4 sha256:55c31cce4179064fa5266ad5edb0cda666f7c309ab9cc38ef35e95aac6f2c673 47.19MB / 125.23MB 5.1s
#4 sha256:ea064937e6087a38964fed1725c5b8f19233498cecf73d8b653ae2c93809c1ed 48.23MB / 74.40MB 5.7s
#4 sha256:0f82522a35f0fa2e5b3c8a0ff6a77000df9ee949399ff17deb4963ecd5b6b9d7 84.93MB / 255.66MB 5.4s
#4 sha256:36b929a4ae1df723145f8cf737b0a8823400d51e6a098268befa84ce872baadf 14.19kB / 14.19kB 0.5s done
#4 sha256:ea064937e6087a38964fed1725c5b8f19233498cecf73d8b653ae2c93809c1ed 52.43MB / 74.40MB 5.9s
#4 sha256:55c31cce4179064fa5266ad5edb0cda666f7c309ab9cc38ef35e95aac6f2c673 57.67MB / 125.23MB 5.4s
#4 sha256:b04a5db728bd1ab1c35788bd461a5858bfe51e6282d8f9bc05ac037620b26763 0B / 155.01MB 0.2s
#4 sha256:ea064937e6087a38964fed1725c5b8f19233498cecf73d8b653ae2c93809c1ed 58.92MB / 74.40MB 6.0s
#4 sha256:55c31cce4179064fa5266ad5edb0cda666f7c309ab9cc38ef35e95aac6f2c673 65.01MB / 125.23MB 5.6s
#4 sha256:ea064937e6087a38964fed1725c5b8f19233498cecf73d8b653ae2c93809c1ed 63.96MB / 74.40MB 6.2s
#4 sha256:ea064937e6087a38964fed1725c5b8f19233498cecf73d8b653ae2c93809c1ed 70.25MB / 74.40MB 6.5s
#4 sha256:55c31cce4179064fa5266ad5edb0cda666f7c309ab9cc38ef35e95aac6f2c673 73.40MB / 125.23MB 6.0s
#4 sha256:ea064937e6087a38964fed1725c5b8f19233498cecf73d8b653ae2c93809c1ed 74.40MB / 74.40MB 6.6s
#4 sha256:ea064937e6087a38964fed1725c5b8f19233498cecf73d8b653ae2c93809c1ed 74.40MB / 74.40MB 6.7s done
#4 sha256:55c31cce4179064fa5266ad5edb0cda666f7c309ab9cc38ef35e95aac6f2c673 79.69MB / 125.23MB 6.3s
#4 sha256:b04a5db728bd1ab1c35788bd461a5858bfe51e6282d8f9bc05ac037620b26763 10.49MB / 155.01MB 1.1s
#4 sha256:cf3f8ccf59bb8a5521b534e49ed2704708ee64e1e932f781f054797204e9d4ef 0B / 2.96MB 0.2s
#4 sha256:55c31cce4179064fa5266ad5edb0cda666f7c309ab9cc38ef35e95aac6f2c673 87.03MB / 125.23MB 6.7s
#4 sha256:b04a5db728bd1ab1c35788bd461a5858bfe51e6282d8f9bc05ac037620b26763 19.92MB / 155.01MB 1.5s
#4 sha256:cf3f8ccf59bb8a5521b534e49ed2704708ee64e1e932f781f054797204e9d4ef 1.05MB / 2.96MB 0.6s
#4 sha256:55c31cce4179064fa5266ad5edb0cda666f7c309ab9cc38ef35e95aac6f2c673 95.42MB / 125.23MB 6.9s
#4 sha256:cf3f8ccf59bb8a5521b534e49ed2704708ee64e1e932f781f054797204e9d4ef 2.96MB / 2.96MB 0.8s
#4 sha256:b04a5db728bd1ab1c35788bd461a5858bfe51e6282d8f9bc05ac037620b26763 30.41MB / 155.01MB 2.0s
#4 sha256:cf3f8ccf59bb8a5521b534e49ed2704708ee64e1e932f781f054797204e9d4ef 2.96MB / 2.96MB 0.8s done
#4 sha256:0f82522a35f0fa2e5b3c8a0ff6a77000df9ee949399ff17deb4963ecd5b6b9d7 98.57MB / 255.66MB 7.5s
#4 sha256:55c31cce4179064fa5266ad5edb0cda666f7c309ab9cc38ef35e95aac6f2c673 104.86MB / 125.23MB 7.2s
#4 sha256:2c246d9c8dfff2e3edacc7397e09507aa4334f045817569c945e36e62bd440ba 0B / 416B 0.2s
#4 sha256:2c246d9c8dfff2e3edacc7397e09507aa4334f045817569c945e36e62bd440ba 416B / 416B 0.4s done
#4 sha256:55c31cce4179064fa5266ad5edb0cda666f7c309ab9cc38ef35e95aac6f2c673 112.20MB / 125.23MB 7.5s
#4 sha256:b04a5db728bd1ab1c35788bd461a5858bfe51e6282d8f9bc05ac037620b26763 38.80MB / 155.01MB 2.4s
#4 sha256:6aa49205a964781a82b0e3f9411ca260714bd3ece7b45b1d7ce24bc4b18d823f 0B / 88.13kB 0.2s
#4 sha256:55c31cce4179064fa5266ad5edb0cda666f7c309ab9cc38ef35e95aac6f2c673 118.49MB / 125.23MB 7.8s
#4 sha256:b04a5db728bd1ab1c35788bd461a5858bfe51e6282d8f9bc05ac037620b26763 47.19MB / 155.01MB 3.0s
#4 sha256:55c31cce4179064fa5266ad5edb0cda666f7c309ab9cc38ef35e95aac6f2c673 125.23MB / 125.23MB 8.4s done
#4 sha256:6aa49205a964781a82b0e3f9411ca260714bd3ece7b45b1d7ce24bc4b18d823f 88.13kB / 88.13kB 0.9s done
#4 sha256:261756bd1a975bdc797ece9842cb8c35a9f90b829bbc617d3bd31c695b5f9748 0B / 36.76MB 0.2s
#4 sha256:0f82522a35f0fa2e5b3c8a0ff6a77000df9ee949399ff17deb4963ecd5b6b9d7 113.25MB / 255.66MB 9.0s
#4 sha256:b04a5db728bd1ab1c35788bd461a5858bfe51e6282d8f9bc05ac037620b26763 55.57MB / 155.01MB 3.5s
#4 sha256:261756bd1a975bdc797ece9842cb8c35a9f90b829bbc617d3bd31c695b5f9748 2.10MB / 36.76MB 0.5s
#4 sha256:261756bd1a975bdc797ece9842cb8c35a9f90b829bbc617d3bd31c695b5f9748 5.24MB / 36.76MB 0.8s
#4 sha256:b04a5db728bd1ab1c35788bd461a5858bfe51e6282d8f9bc05ac037620b26763 65.01MB / 155.01MB 4.1s
#4 sha256:261756bd1a975bdc797ece9842cb8c35a9f90b829bbc617d3bd31c695b5f9748 7.34MB / 36.76MB 0.9s
#4 sha256:261756bd1a975bdc797ece9842cb8c35a9f90b829bbc617d3bd31c695b5f9748 9.44MB / 36.76MB 1.1s
#4 sha256:261756bd1a975bdc797ece9842cb8c35a9f90b829bbc617d3bd31c695b5f9748 11.53MB / 36.76MB 1.2s
#4 sha256:b04a5db728bd1ab1c35788bd461a5858bfe51e6282d8f9bc05ac037620b26763 74.45MB / 155.01MB 4.5s
#4 sha256:261756bd1a975bdc797ece9842cb8c35a9f90b829bbc617d3bd31c695b5f9748 18.87MB / 36.76MB 1.4s
#4 sha256:b04a5db728bd1ab1c35788bd461a5858bfe51e6282d8f9bc05ac037620b26763 84.93MB / 155.01MB 4.8s
#4 sha256:261756bd1a975bdc797ece9842cb8c35a9f90b829bbc617d3bd31c695b5f9748 30.41MB / 36.76MB 1.7s
#4 sha256:261756bd1a975bdc797ece9842cb8c35a9f90b829bbc617d3bd31c695b5f9748 33.55MB / 36.76MB 1.8s
#4 sha256:261756bd1a975bdc797ece9842cb8c35a9f90b829bbc617d3bd31c695b5f9748 36.76MB / 36.76MB 1.9s done
#4 extracting sha256:261756bd1a975bdc797ece9842cb8c35a9f90b829bbc617d3bd31c695b5f9748
#4 sha256:b04a5db728bd1ab1c35788bd461a5858bfe51e6282d8f9bc05ac037620b26763 96.47MB / 155.01MB 5.3s
#4 sha256:0f82522a35f0fa2e5b3c8a0ff6a77000df9ee949399ff17deb4963ecd5b6b9d7 126.88MB / 255.66MB 11.0s
#4 sha256:b04a5db728bd1ab1c35788bd461a5858bfe51e6282d8f9bc05ac037620b26763 108.00MB / 155.01MB 5.6s
#4 sha256:b04a5db728bd1ab1c35788bd461a5858bfe51e6282d8f9bc05ac037620b26763 122.68MB / 155.01MB 5.9s
#4 extracting sha256:261756bd1a975bdc797ece9842cb8c35a9f90b829bbc617d3bd31c695b5f9748 0.7s done
#4 extracting sha256:6aa49205a964781a82b0e3f9411ca260714bd3ece7b45b1d7ce24bc4b18d823f 0.0s done
#4 extracting sha256:2c246d9c8dfff2e3edacc7397e09507aa4334f045817569c945e36e62bd440ba 0.0s done
#4 extracting sha256:cf3f8ccf59bb8a5521b534e49ed2704708ee64e1e932f781f054797204e9d4ef 0.0s done
#4 sha256:b04a5db728bd1ab1c35788bd461a5858bfe51e6282d8f9bc05ac037620b26763 136.31MB / 155.01MB 6.2s
#4 sha256:0f82522a35f0fa2e5b3c8a0ff6a77000df9ee949399ff17deb4963ecd5b6b9d7 141.56MB / 255.66MB 12.0s
#4 sha256:b04a5db728bd1ab1c35788bd461a5858bfe51e6282d8f9bc05ac037620b26763 149.95MB / 155.01MB 6.5s
#4 sha256:b04a5db728bd1ab1c35788bd461a5858bfe51e6282d8f9bc05ac037620b26763 155.01MB / 155.01MB 6.7s done
#4 extracting sha256:b04a5db728bd1ab1c35788bd461a5858bfe51e6282d8f9bc05ac037620b26763
#4 sha256:0f82522a35f0fa2e5b3c8a0ff6a77000df9ee949399ff17deb4963ecd5b6b9d7 156.24MB / 255.66MB 12.5s
#4 sha256:0f82522a35f0fa2e5b3c8a0ff6a77000df9ee949399ff17deb4963ecd5b6b9d7 173.22MB / 255.66MB 12.8s
#4 sha256:0f82522a35f0fa2e5b3c8a0ff6a77000df9ee949399ff17deb4963ecd5b6b9d7 193.99MB / 255.66MB 13.1s
#4 sha256:0f82522a35f0fa2e5b3c8a0ff6a77000df9ee949399ff17deb4963ecd5b6b9d7 212.86MB / 255.66MB 13.4s
#4 sha256:0f82522a35f0fa2e5b3c8a0ff6a77000df9ee949399ff17deb4963ecd5b6b9d7 232.78MB / 255.66MB 13.7s
#4 sha256:0f82522a35f0fa2e5b3c8a0ff6a77000df9ee949399ff17deb4963ecd5b6b9d7 251.66MB / 255.66MB 14.0s
#4 sha256:0f82522a35f0fa2e5b3c8a0ff6a77000df9ee949399ff17deb4963ecd5b6b9d7 255.66MB / 255.66MB 14.4s done
#4 extracting sha256:b04a5db728bd1ab1c35788bd461a5858bfe51e6282d8f9bc05ac037620b26763 2.4s done
#4 DONE 16.0s

#4 [1/2] FROM public.ecr.aws/sam/build-python3.13:latest@sha256:37ec6bb4a7ffbab3e594d4c3505bcd76b28089dbc3280840ce42c711802ec672
#4 extracting sha256:36b929a4ae1df723145f8cf737b0a8823400d51e6a098268befa84ce872baadf done
#4 extracting sha256:55c31cce4179064fa5266ad5edb0cda666f7c309ab9cc38ef35e95aac6f2c673
#4 extracting sha256:55c31cce4179064fa5266ad5edb0cda666f7c309ab9cc38ef35e95aac6f2c673 1.2s done
#4 DONE 17.2s

#4 [1/2] FROM public.ecr.aws/sam/build-python3.13:latest@sha256:37ec6bb4a7ffbab3e594d4c3505bcd76b28089dbc3280840ce42c711802ec672
#4 extracting sha256:0f82522a35f0fa2e5b3c8a0ff6a77000df9ee949399ff17deb4963ecd5b6b9d7
#4 extracting sha256:0f82522a35f0fa2e5b3c8a0ff6a77000df9ee949399ff17deb4963ecd5b6b9d7 3.4s done
#4 DONE 20.6s

#4 [1/2] FROM public.ecr.aws/sam/build-python3.13:latest@sha256:37ec6bb4a7ffbab3e594d4c3505bcd76b28089dbc3280840ce42c711802ec672
#4 extracting sha256:6ec3e28f2ca45fad4dc78474e958b56b6efe9eb171ddb62deaa225b01d4bcf55
#4 extracting sha256:6ec3e28f2ca45fad4dc78474e958b56b6efe9eb171ddb62deaa225b01d4bcf55 1.3s done
#4 DONE 21.9s

#4 [1/2] FROM public.ecr.aws/sam/build-python3.13:latest@sha256:37ec6bb4a7ffbab3e594d4c3505bcd76b28089dbc3280840ce42c711802ec672
#4 extracting sha256:ea064937e6087a38964fed1725c5b8f19233498cecf73d8b653ae2c93809c1ed
#4 extracting sha256:ea064937e6087a38964fed1725c5b8f19233498cecf73d8b653ae2c93809c1ed 1.6s done
#4 DONE 23.5s

#4 [1/2] FROM public.ecr.aws/sam/build-python3.13:latest@sha256:37ec6bb4a7ffbab3e594d4c3505bcd76b28089dbc3280840ce42c711802ec672
#4 extracting sha256:6948d2a0fc05b718847c6a7bb330c723422f3b3fa31144099de979e9d4e80b1f done
#4 extracting sha256:6061791c78797538e556e4a75f61216987b0f24b74f75816f1cc9a20e2e83af0 0.0s done
#4 extracting sha256:3603aa7e30d0c179b61749d236ec43b94c3144798c3a39d3aca1901ebbb13d0a
#4 extracting sha256:3603aa7e30d0c179b61749d236ec43b94c3144798c3a39d3aca1901ebbb13d0a 0.2s done
#4 DONE 23.7s

#4 [1/2] FROM public.ecr.aws/sam/build-python3.13:latest@sha256:37ec6bb4a7ffbab3e594d4c3505bcd76b28089dbc3280840ce42c711802ec672
#4 extracting sha256:26e1de4855990521f69e3a6ebf5c90b5bc90571e921916275b0a1394a40e7784 0.1s done
#4 DONE 23.8s

#4 [1/2] FROM public.ecr.aws/sam/build-python3.13:latest@sha256:37ec6bb4a7ffbab3e594d4c3505bcd76b28089dbc3280840ce42c711802ec672
#4 extracting sha256:ba9d7fa7d778b65c3c59d5f9fa40150b71446f345f43103eaf2fc46e812e2de9 0.1s done
#4 DONE 23.9s

#4 [1/2] FROM public.ecr.aws/sam/build-python3.13:latest@sha256:37ec6bb4a7ffbab3e594d4c3505bcd76b28089dbc3280840ce42c711802ec672
#4 extracting sha256:a318b511dbffaeacf20b7aebbf08a7a96f7b61fb49879a35bd0729d3c6b0ac2f done
#4 DONE 24.0s

#5 [2/2] RUN     python -m venv /usr/app/venv &&     mkdir /tmp/pip-cache &&     chmod -R 777 /tmp/pip-cache &&     pip install --upgrade pip &&     mkdir /tmp/poetry-cache &&     chmod -R 777 /tmp/poetry-cache &&     pip install pipenv==2022.4.8 poetry==1.5.1 &&     rm -rf /tmp/pip-cache/* /tmp/poetry-cache/*
#5 3.122 Requirement already satisfied: pip in /usr/app/venv/lib/python3.13/site-packages (25.1.1)
#5 18.44 Collecting pip
#5 48.66   Downloading pip-25.2-py3-none-any.whl.metadata (4.7 kB)
#5 48.71 Downloading pip-25.2-py3-none-any.whl (1.8 MB)
#5 48.90    ━━━━━━━━━━━━━━━━━━━━━━━━━━━━━━━━━━━━━━━━ 1.8/1.8 MB 15.0 MB/s eta 0:00:00
#5 48.93 Installing collected packages: pip
#5 48.93   Attempting uninstall: pip
#5 48.93     Found existing installation: pip 25.1.1
#5 48.97     Uninstalling pip-25.1.1:
#5 48.98       Successfully uninstalled pip-25.1.1
#5 49.75 Successfully installed pip-25.2
#5 70.85 Collecting pipenv==2022.4.8
#5 101.0   Downloading pipenv-2022.4.8-py2.py3-none-any.whl.metadata (13 kB)
#5 101.2 Collecting poetry==1.5.1
#5 101.2   Downloading poetry-1.5.1-py3-none-any.whl.metadata (7.0 kB)
#5 101.2 Requirement already satisfied: pip>=18.0 in /usr/app/venv/lib/python3.13/site-packages (from pipenv==2022.4.8) (25.2)
#5 101.3 Collecting certifi (from pipenv==2022.4.8)
#5 101.3   Downloading certifi-2025.10.5-py3-none-any.whl.metadata (2.5 kB)
#5 101.5 Collecting setuptools>=36.2.1 (from pipenv==2022.4.8)
#5 101.5   Downloading setuptools-80.9.0-py3-none-any.whl.metadata (6.6 kB)
#5 101.6 Collecting virtualenv-clone>=0.2.5 (from pipenv==2022.4.8)
#5 101.6   Downloading virtualenv_clone-0.5.7-py3-none-any.whl.metadata (2.7 kB)
#5 101.7 Collecting virtualenv (from pipenv==2022.4.8)
#5 101.7   Downloading virtualenv-20.35.3-py3-none-any.whl.metadata (4.6 kB)
#5 101.9 Collecting build<0.11.0,>=0.10.0 (from poetry==1.5.1)
#5 101.9   Downloading build-0.10.0-py3-none-any.whl.metadata (4.1 kB)
#5 102.0 Collecting cachecontrol<0.13.0,>=0.12.9 (from cachecontrol[filecache]<0.13.0,>=0.12.9->poetry==1.5.1)
#5 102.0   Downloading CacheControl-0.12.14-py2.py3-none-any.whl.metadata (2.2 kB)
#5 102.0 Collecting cleo<3.0.0,>=2.0.0 (from poetry==1.5.1)
#5 102.1   Downloading cleo-2.1.0-py3-none-any.whl.metadata (12 kB)
#5 102.1 Collecting crashtest<0.5.0,>=0.4.1 (from poetry==1.5.1)
#5 102.2   Downloading crashtest-0.4.1-py3-none-any.whl.metadata (1.1 kB)
#5 102.3 Collecting dulwich<0.22.0,>=0.21.2 (from poetry==1.5.1)
#5 102.4   Downloading dulwich-0.21.7.tar.gz (448 kB)
#5 102.5   Installing build dependencies: started
#5 163.6   Installing build dependencies: still running...
#5 163.9   Installing build dependencies: finished with status 'done'
#5 163.9   Getting requirements to build wheel: started
#5 164.5   Getting requirements to build wheel: finished with status 'done'
#5 164.5   Preparing metadata (pyproject.toml): started
#5 164.9   Preparing metadata (pyproject.toml): finished with status 'done'
#5 164.9 Collecting filelock<4.0.0,>=3.8.0 (from poetry==1.5.1)
#5 165.0   Downloading filelock-3.20.0-py3-none-any.whl.metadata (2.1 kB)
#5 165.0 Collecting html5lib<2.0,>=1.0 (from poetry==1.5.1)
#5 165.1   Downloading html5lib-1.1-py2.py3-none-any.whl.metadata (16 kB)
#5 165.1 Collecting installer<0.8.0,>=0.7.0 (from poetry==1.5.1)
#5 165.1   Downloading installer-0.7.0-py3-none-any.whl.metadata (936 bytes)
#5 165.2 Collecting jsonschema<5.0.0,>=4.10.0 (from poetry==1.5.1)
#5 165.2   Downloading jsonschema-4.25.1-py3-none-any.whl.metadata (7.6 kB)
#5 165.3 Collecting keyring<24.0.0,>=23.9.0 (from poetry==1.5.1)
#5 165.3   Downloading keyring-23.13.1-py3-none-any.whl.metadata (20 kB)
#5 165.4 Collecting lockfile<0.13.0,>=0.12.2 (from poetry==1.5.1)
#5 165.4   Downloading lockfile-0.12.2-py2.py3-none-any.whl.metadata (2.4 kB)
#5 165.5 Collecting packaging>=20.4 (from poetry==1.5.1)
#5 165.5   Downloading packaging-25.0-py3-none-any.whl.metadata (3.3 kB)
#5 165.5 Collecting pexpect<5.0.0,>=4.7.0 (from poetry==1.5.1)
#5 165.6   Downloading pexpect-4.9.0-py2.py3-none-any.whl.metadata (2.5 kB)
#5 165.6 Collecting pkginfo<2.0.0,>=1.9.4 (from poetry==1.5.1)
#5 165.6   Downloading pkginfo-1.12.1.2-py3-none-any.whl.metadata (13 kB)
#5 165.7 Collecting platformdirs<4.0.0,>=3.0.0 (from poetry==1.5.1)
#5 165.7   Downloading platformdirs-3.11.0-py3-none-any.whl.metadata (11 kB)
#5 165.9 Collecting poetry-core==1.6.1 (from poetry==1.5.1)
#5 165.9   Downloading poetry_core-1.6.1-py3-none-any.whl.metadata (3.4 kB)
#5 166.0 Collecting poetry-plugin-export<2.0.0,>=1.4.0 (from poetry==1.5.1)
#5 166.0   Downloading poetry_plugin_export-1.9.0-py3-none-any.whl.metadata (3.1 kB)
#5 166.0 Collecting pyproject-hooks<2.0.0,>=1.0.0 (from poetry==1.5.1)
#5 166.1   Downloading pyproject_hooks-1.2.0-py3-none-any.whl.metadata (1.3 kB)
#5 166.1 Collecting requests<3.0,>=2.18 (from poetry==1.5.1)
#5 166.1   Downloading requests-2.32.5-py3-none-any.whl.metadata (4.9 kB)
#5 166.2 Collecting requests-toolbelt<2,>=0.9.1 (from poetry==1.5.1)
#5 166.2   Downloading requests_toolbelt-1.0.0-py2.py3-none-any.whl.metadata (14 kB)
#5 166.3 Collecting shellingham<2.0,>=1.5 (from poetry==1.5.1)
#5 166.3   Downloading shellingham-1.5.4-py2.py3-none-any.whl.metadata (3.5 kB)
#5 166.4 Collecting tomlkit<1.0.0,>=0.11.4 (from poetry==1.5.1)
#5 166.4   Downloading tomlkit-0.13.3-py3-none-any.whl.metadata (2.8 kB)
#5 166.5 Collecting trove-classifiers>=2022.5.19 (from poetry==1.5.1)
#5 166.5   Downloading trove_classifiers-2025.9.11.17-py3-none-any.whl.metadata (2.4 kB)
#5 166.6 Collecting urllib3<2.0.0,>=1.26.0 (from poetry==1.5.1)
#5 166.6   Downloading urllib3-1.26.20-py2.py3-none-any.whl.metadata (50 kB)
#5 166.7 Collecting msgpack>=0.5.2 (from cachecontrol<0.13.0,>=0.12.9->cachecontrol[filecache]<0.13.0,>=0.12.9->poetry==1.5.1)
#5 166.7   Downloading msgpack-1.1.2-cp313-cp313-manylinux2014_x86_64.manylinux_2_17_x86_64.manylinux_2_28_x86_64.whl.metadata (8.1 kB)
#5 167.3 Collecting rapidfuzz<4.0.0,>=3.0.0 (from cleo<3.0.0,>=2.0.0->poetry==1.5.1)
#5 167.3   Downloading rapidfuzz-3.14.1-cp313-cp313-manylinux_2_27_x86_64.manylinux_2_28_x86_64.whl.metadata (12 kB)
#5 167.4 Collecting six>=1.9 (from html5lib<2.0,>=1.0->poetry==1.5.1)
#5 167.4   Downloading six-1.17.0-py2.py3-none-any.whl.metadata (1.7 kB)
#5 167.5 Collecting webencodings (from html5lib<2.0,>=1.0->poetry==1.5.1)
#5 167.5   Downloading webencodings-0.5.1-py2.py3-none-any.whl.metadata (2.1 kB)
#5 167.5 Collecting attrs>=22.2.0 (from jsonschema<5.0.0,>=4.10.0->poetry==1.5.1)
#5 167.6   Downloading attrs-25.4.0-py3-none-any.whl.metadata (10 kB)
#5 167.6 Collecting jsonschema-specifications>=2023.03.6 (from jsonschema<5.0.0,>=4.10.0->poetry==1.5.1)
#5 167.6   Downloading jsonschema_specifications-2025.9.1-py3-none-any.whl.metadata (2.9 kB)
#5 167.7 Collecting referencing>=0.28.4 (from jsonschema<5.0.0,>=4.10.0->poetry==1.5.1)
#5 167.7   Downloading referencing-0.36.2-py3-none-any.whl.metadata (2.8 kB)
#5 168.1 Collecting rpds-py>=0.7.1 (from jsonschema<5.0.0,>=4.10.0->poetry==1.5.1)
#5 168.1   Downloading rpds_py-0.27.1-cp313-cp313-manylinux_2_17_x86_64.manylinux2014_x86_64.whl.metadata (4.2 kB)
#5 168.1 Collecting jaraco.classes (from keyring<24.0.0,>=23.9.0->poetry==1.5.1)
#5 168.2   Downloading jaraco.classes-3.4.0-py3-none-any.whl.metadata (2.6 kB)
#5 168.2 Collecting SecretStorage>=3.2 (from keyring<24.0.0,>=23.9.0->poetry==1.5.1)
#5 168.2   Downloading secretstorage-3.4.0-py3-none-any.whl.metadata (3.9 kB)
#5 168.3 Collecting jeepney>=0.4.2 (from keyring<24.0.0,>=23.9.0->poetry==1.5.1)
#5 168.3   Downloading jeepney-0.9.0-py3-none-any.whl.metadata (1.2 kB)
#5 168.4 Collecting ptyprocess>=0.5 (from pexpect<5.0.0,>=4.7.0->poetry==1.5.1)
#5 168.4   Downloading ptyprocess-0.7.0-py2.py3-none-any.whl.metadata (1.3 kB)
#5 168.4 INFO: pip is looking at multiple versions of poetry-plugin-export to determine which version is compatible with other requirements. This could take a while.
#5 168.4 Collecting poetry-plugin-export<2.0.0,>=1.4.0 (from poetry==1.5.1)
#5 168.4   Downloading poetry_plugin_export-1.8.0-py3-none-any.whl.metadata (2.8 kB)
#5 168.5   Downloading poetry_plugin_export-1.7.1-py3-none-any.whl.metadata (2.8 kB)
#5 168.5   Downloading poetry_plugin_export-1.7.0-py3-none-any.whl.metadata (2.8 kB)
#5 168.6   Downloading poetry_plugin_export-1.6.0-py3-none-any.whl.metadata (2.8 kB)
#5 168.6   Downloading poetry_plugin_export-1.5.0-py3-none-any.whl.metadata (2.7 kB)
#5 168.7 Collecting charset_normalizer<4,>=2 (from requests<3.0,>=2.18->poetry==1.5.1)
#5 168.8   Downloading charset_normalizer-3.4.3-cp313-cp313-manylinux2014_x86_64.manylinux_2_17_x86_64.manylinux_2_28_x86_64.whl.metadata (36 kB)
#5 168.8 Collecting idna<4,>=2.5 (from requests<3.0,>=2.18->poetry==1.5.1)
#5 168.9   Downloading idna-3.11-py3-none-any.whl.metadata (8.4 kB)
#5 168.9 Collecting distlib<1,>=0.3.7 (from virtualenv->pipenv==2022.4.8)
#5 169.0   Downloading distlib-0.4.0-py2.py3-none-any.whl.metadata (5.2 kB)
#5 169.2 Collecting cryptography>=2.0 (from SecretStorage>=3.2->keyring<24.0.0,>=23.9.0->poetry==1.5.1)
#5 169.3   Downloading cryptography-46.0.2-cp311-abi3-manylinux_2_34_x86_64.whl.metadata (5.7 kB)
#5 169.4 Collecting cffi>=2.0.0 (from cryptography>=2.0->SecretStorage>=3.2->keyring<24.0.0,>=23.9.0->poetry==1.5.1)
#5 169.4   Downloading cffi-2.0.0-cp313-cp313-manylinux2014_x86_64.manylinux_2_17_x86_64.whl.metadata (2.6 kB)
#5 169.5 Collecting pycparser (from cffi>=2.0.0->cryptography>=2.0->SecretStorage>=3.2->keyring<24.0.0,>=23.9.0->poetry==1.5.1)
#5 169.5   Downloading pycparser-2.23-py3-none-any.whl.metadata (993 bytes)
#5 169.6 Collecting more-itertools (from jaraco.classes->keyring<24.0.0,>=23.9.0->poetry==1.5.1)
#5 169.6   Downloading more_itertools-10.8.0-py3-none-any.whl.metadata (39 kB)
#5 169.6 Downloading pipenv-2022.4.8-py2.py3-none-any.whl (3.6 MB)
#5 170.3    ━━━━━━━━━━━━━━━━━━━━━━━━━━━━━━━━━━━━━━━━ 3.6/3.6 MB 5.5 MB/s  0:00:00
#5 170.3 Downloading poetry-1.5.1-py3-none-any.whl (225 kB)
#5 170.3 Downloading poetry_core-1.6.1-py3-none-any.whl (450 kB)
#5 170.4 Downloading build-0.10.0-py3-none-any.whl (17 kB)
#5 170.4 Downloading CacheControl-0.12.14-py2.py3-none-any.whl (21 kB)
#5 170.4 Downloading cleo-2.1.0-py3-none-any.whl (78 kB)
#5 170.5 Downloading crashtest-0.4.1-py3-none-any.whl (7.6 kB)
#5 170.6 Downloading filelock-3.20.0-py3-none-any.whl (16 kB)
#5 170.6 Downloading html5lib-1.1-py2.py3-none-any.whl (112 kB)
#5 170.6 Downloading installer-0.7.0-py3-none-any.whl (453 kB)
#5 171.0 Downloading jsonschema-4.25.1-py3-none-any.whl (90 kB)
#5 171.0 Downloading keyring-23.13.1-py3-none-any.whl (37 kB)
#5 171.1 Downloading lockfile-0.12.2-py2.py3-none-any.whl (13 kB)
#5 171.1 Downloading pexpect-4.9.0-py2.py3-none-any.whl (63 kB)
#5 171.2 Downloading pkginfo-1.12.1.2-py3-none-any.whl (32 kB)
#5 171.2 Downloading platformdirs-3.11.0-py3-none-any.whl (17 kB)
#5 171.2 Downloading poetry_plugin_export-1.5.0-py3-none-any.whl (10 kB)
#5 171.3 Downloading pyproject_hooks-1.2.0-py3-none-any.whl (10 kB)
#5 171.3 Downloading rapidfuzz-3.14.1-cp313-cp313-manylinux_2_27_x86_64.manylinux_2_28_x86_64.whl (3.2 MB)
#5 171.4    ━━━━━━━━━━━━━━━━━━━━━━━━━━━━━━━━━━━━━━━━ 3.2/3.2 MB 34.4 MB/s  0:00:00
#5 171.4 Downloading requests-2.32.5-py3-none-any.whl (64 kB)
#5 171.5 Downloading charset_normalizer-3.4.3-cp313-cp313-manylinux2014_x86_64.manylinux_2_17_x86_64.manylinux_2_28_x86_64.whl (151 kB)
#5 171.5 Downloading idna-3.11-py3-none-any.whl (71 kB)
#5 171.5 Downloading requests_toolbelt-1.0.0-py2.py3-none-any.whl (54 kB)
#5 171.6 Downloading shellingham-1.5.4-py2.py3-none-any.whl (9.8 kB)
#5 171.6 Downloading tomlkit-0.13.3-py3-none-any.whl (38 kB)
#5 171.6 Downloading urllib3-1.26.20-py2.py3-none-any.whl (144 kB)
#5 171.7 Downloading virtualenv-20.35.3-py3-none-any.whl (6.0 MB)
#5 171.8    ━━━━━━━━━━━━━━━━━━━━━━━━━━━━━━━━━━━━━━━━ 6.0/6.0 MB 37.4 MB/s  0:00:00
#5 171.9 Downloading distlib-0.4.0-py2.py3-none-any.whl (469 kB)
#5 171.9 Downloading attrs-25.4.0-py3-none-any.whl (67 kB)
#5 172.0 Downloading certifi-2025.10.5-py3-none-any.whl (163 kB)
#5 172.0 Downloading jeepney-0.9.0-py3-none-any.whl (49 kB)
#5 172.0 Downloading jsonschema_specifications-2025.9.1-py3-none-any.whl (18 kB)
#5 172.1 Downloading msgpack-1.1.2-cp313-cp313-manylinux2014_x86_64.manylinux_2_17_x86_64.manylinux_2_28_x86_64.whl (424 kB)
#5 172.1 Downloading packaging-25.0-py3-none-any.whl (66 kB)
#5 172.2 Downloading ptyprocess-0.7.0-py2.py3-none-any.whl (13 kB)
#5 172.2 Downloading referencing-0.36.2-py3-none-any.whl (26 kB)
#5 172.2 Downloading rpds_py-0.27.1-cp313-cp313-manylinux_2_17_x86_64.manylinux2014_x86_64.whl (386 kB)
#5 172.3 Downloading secretstorage-3.4.0-py3-none-any.whl (15 kB)
#5 172.3 Downloading cryptography-46.0.2-cp311-abi3-manylinux_2_34_x86_64.whl (4.5 MB)
#5 172.4    ━━━━━━━━━━━━━━━━━━━━━━━━━━━━━━━━━━━━━━━━ 4.5/4.5 MB 38.7 MB/s  0:00:00
#5 172.5 Downloading cffi-2.0.0-cp313-cp313-manylinux2014_x86_64.manylinux_2_17_x86_64.whl (219 kB)
#5 172.5 Using cached setuptools-80.9.0-py3-none-any.whl (1.2 MB)
#5 172.5 Downloading six-1.17.0-py2.py3-none-any.whl (11 kB)
#5 172.5 Downloading trove_classifiers-2025.9.11.17-py3-none-any.whl (14 kB)
#5 172.6 Downloading virtualenv_clone-0.5.7-py3-none-any.whl (6.6 kB)
#5 172.6 Downloading jaraco.classes-3.4.0-py3-none-any.whl (6.8 kB)
#5 172.7 Downloading more_itertools-10.8.0-py3-none-any.whl (69 kB)
#5 172.7 Downloading pycparser-2.23-py3-none-any.whl (118 kB)
#5 172.7 Downloading webencodings-0.5.1-py2.py3-none-any.whl (11 kB)
#5 172.9 Building wheels for collected packages: dulwich
#5 172.9   Building wheel for dulwich (pyproject.toml): started
#5 175.6   Building wheel for dulwich (pyproject.toml): finished with status 'done'
#5 175.6   Created wheel for dulwich: filename=dulwich-0.21.7-cp313-cp313-linux_x86_64.whl size=519667 sha256=5ebc18220f98aa3278d9ffd81c95ade3271b89c8ffca8c0771537ecab3d3cb16
#5 175.6   Stored in directory: /tmp/pip-cache/wheels/63/f9/68/6bb6145045043643aaf320f7e02bd693edd8db4a4e21472df8
#5 175.6 Successfully built dulwich
#5 175.7 Installing collected packages: webencodings, trove-classifiers, ptyprocess, lockfile, distlib, virtualenv-clone, urllib3, tomlkit, six, shellingham, setuptools, rpds-py, rapidfuzz, pyproject-hooks, pycparser, poetry-core, platformdirs, pkginfo, pexpect, packaging, msgpack, more-itertools, jeepney, installer, idna, filelock, crashtest, charset_normalizer, certifi, attrs, virtualenv, requests, referencing, jaraco.classes, html5lib, dulwich, cleo, cffi, build, requests-toolbelt, pipenv, jsonschema-specifications, cryptography, cachecontrol, SecretStorage, jsonschema, keyring, poetry-plugin-export, poetry
#5 180.2 
#5 180.2 Successfully installed SecretStorage-3.4.0 attrs-25.4.0 build-0.10.0 cachecontrol-0.12.14 certifi-2025.10.5 cffi-2.0.0 charset_normalizer-3.4.3 cleo-2.1.0 crashtest-0.4.1 cryptography-46.0.2 distlib-0.4.0 dulwich-0.21.7 filelock-3.20.0 html5lib-1.1 idna-3.11 installer-0.7.0 jaraco.classes-3.4.0 jeepney-0.9.0 jsonschema-4.25.1 jsonschema-specifications-2025.9.1 keyring-23.13.1 lockfile-0.12.2 more-itertools-10.8.0 msgpack-1.1.2 packaging-25.0 pexpect-4.9.0 pipenv-2022.4.8 pkginfo-1.12.1.2 platformdirs-3.11.0 poetry-1.5.1 poetry-core-1.6.1 poetry-plugin-export-1.5.0 ptyprocess-0.7.0 pycparser-2.23 pyproject-hooks-1.2.0 rapidfuzz-3.14.1 referencing-0.36.2 requests-2.32.5 requests-toolbelt-1.0.0 rpds-py-0.27.1 setuptools-80.9.0 shellingham-1.5.4 six-1.17.0 tomlkit-0.13.3 trove-classifiers-2025.9.11.17 urllib3-1.26.20 virtualenv-20.35.3 virtualenv-clone-0.5.7 webencodings-0.5.1
#5 DONE 180.6s

#6 exporting to image
#6 exporting layers
#6 exporting layers 2.8s done
#6 exporting manifest sha256:63cee940d23d023073a4701d93a0e141939d27434e7a35fdcb260cf58913df06 done
#6 exporting config sha256:8b1d2ed7a82c5b887e78da56fd1f5a3426c59f9312a796281c8fcf6f85faa562 done
#6 exporting attestation manifest sha256:715dc4df67b1a88e29e0553a3f8d9f5e2288be15cc4c470a5fc23f5fa4f7c672 done
#6 exporting manifest list sha256:682e424e951932f29540177fa807054e1b97bfb094083e1358a2298626dc09a9 done
#6 naming to docker.io/library/cdk-493dee76582fe19b066345556cf758be38671077c98fb57a4eccaf030d61bef8:latest done
#6 DONE 2.9s
Bundling asset BedrockChatStack/Auth/AddUserToGroups/Code/Stage...
WARNING: The requested image's platform (linux/amd64) does not match the detected host platform (linux/arm64/v8) and no specific platform was requested
sending incremental file list
add_user_to_groups.py
requirements.txt

sent 1,605 bytes  received 54 bytes  3,318.00 bytes/sec
total size is 1,429  speedup is 0.86
Collecting boto3 (from -r requirements.txt (line 1))
  Downloading boto3-1.40.50-py3-none-any.whl.metadata (6.7 kB)
Collecting aws-lambda-powertools[all] (from -r requirements.txt (line 2))
  Downloading aws_lambda_powertools-3.21.0-py3-none-any.whl.metadata (11 kB)
Collecting botocore<1.41.0,>=1.40.50 (from boto3->-r requirements.txt (line 1))
  Downloading botocore-1.40.50-py3-none-any.whl.metadata (5.7 kB)
Collecting jmespath<2.0.0,>=0.7.1 (from boto3->-r requirements.txt (line 1))
  Downloading jmespath-1.0.1-py3-none-any.whl.metadata (7.6 kB)
Collecting s3transfer<0.15.0,>=0.14.0 (from boto3->-r requirements.txt (line 1))
  Downloading s3transfer-0.14.0-py3-none-any.whl.metadata (1.7 kB)
Collecting python-dateutil<3.0.0,>=2.1 (from botocore<1.41.0,>=1.40.50->boto3->-r requirements.txt (line 1))
  Downloading python_dateutil-2.9.0.post0-py2.py3-none-any.whl.metadata (8.4 kB)
Collecting urllib3!=2.2.0,<3,>=1.25.4 (from botocore<1.41.0,>=1.40.50->boto3->-r requirements.txt (line 1))
  Downloading urllib3-2.5.0-py3-none-any.whl.metadata (6.5 kB)
Collecting six>=1.5 (from python-dateutil<3.0.0,>=2.1->botocore<1.41.0,>=1.40.50->boto3->-r requirements.txt (line 1))
  Downloading six-1.17.0-py2.py3-none-any.whl.metadata (1.7 kB)
Collecting aws-encryption-sdk<5.0.0,>=3.1.1 (from aws-lambda-powertools[all]->-r requirements.txt (line 2))
  Downloading aws_encryption_sdk-4.0.3-py2.py3-none-any.whl.metadata (14 kB)
Collecting aws-xray-sdk<3.0.0,>=2.8.0 (from aws-lambda-powertools[all]->-r requirements.txt (line 2))
  Downloading aws_xray_sdk-2.14.0-py2.py3-none-any.whl.metadata (22 kB)
Collecting fastjsonschema<3.0.0,>=2.14.5 (from aws-lambda-powertools[all]->-r requirements.txt (line 2))
  Downloading fastjsonschema-2.21.2-py3-none-any.whl.metadata (2.3 kB)
Collecting jsonpath-ng<2.0.0,>=1.6.0 (from aws-lambda-powertools[all]->-r requirements.txt (line 2))
  Downloading jsonpath_ng-1.7.0-py3-none-any.whl.metadata (18 kB)
Collecting pydantic<3.0.0,>=2.4.0 (from aws-lambda-powertools[all]->-r requirements.txt (line 2))
  Downloading pydantic-2.12.0-py3-none-any.whl.metadata (83 kB)
Collecting pydantic-settings<3.0.0,>=2.6.1 (from aws-lambda-powertools[all]->-r requirements.txt (line 2))
  Downloading pydantic_settings-2.11.0-py3-none-any.whl.metadata (3.4 kB)
Collecting typing-extensions<5.0.0,>=4.11.0 (from aws-lambda-powertools[all]->-r requirements.txt (line 2))
  Downloading typing_extensions-4.15.0-py3-none-any.whl.metadata (3.3 kB)
Collecting cryptography>=3.4.6 (from aws-encryption-sdk<5.0.0,>=3.1.1->aws-lambda-powertools[all]->-r requirements.txt (line 2))
  Downloading cryptography-46.0.2-cp311-abi3-manylinux_2_34_x86_64.whl.metadata (5.7 kB)
Collecting attrs>=17.4.0 (from aws-encryption-sdk<5.0.0,>=3.1.1->aws-lambda-powertools[all]->-r requirements.txt (line 2))
  Downloading attrs-25.4.0-py3-none-any.whl.metadata (10 kB)
Collecting wrapt>=1.10.11 (from aws-encryption-sdk<5.0.0,>=3.1.1->aws-lambda-powertools[all]->-r requirements.txt (line 2))
  Downloading wrapt-1.17.3-cp313-cp313-manylinux1_x86_64.manylinux_2_28_x86_64.manylinux_2_5_x86_64.whl.metadata (6.4 kB)
Collecting ply (from jsonpath-ng<2.0.0,>=1.6.0->aws-lambda-powertools[all]->-r requirements.txt (line 2))
  Downloading ply-3.11-py2.py3-none-any.whl.metadata (844 bytes)
Collecting annotated-types>=0.6.0 (from pydantic<3.0.0,>=2.4.0->aws-lambda-powertools[all]->-r requirements.txt (line 2))
  Downloading annotated_types-0.7.0-py3-none-any.whl.metadata (15 kB)
Collecting pydantic-core==2.41.1 (from pydantic<3.0.0,>=2.4.0->aws-lambda-powertools[all]->-r requirements.txt (line 2))
  Downloading pydantic_core-2.41.1-cp313-cp313-manylinux_2_17_x86_64.manylinux2014_x86_64.whl.metadata (7.3 kB)
Collecting typing-inspection>=0.4.2 (from pydantic<3.0.0,>=2.4.0->aws-lambda-powertools[all]->-r requirements.txt (line 2))
  Downloading typing_inspection-0.4.2-py3-none-any.whl.metadata (2.6 kB)
Collecting python-dotenv>=0.21.0 (from pydantic-settings<3.0.0,>=2.6.1->aws-lambda-powertools[all]->-r requirements.txt (line 2))
  Downloading python_dotenv-1.1.1-py3-none-any.whl.metadata (24 kB)
Collecting cffi>=2.0.0 (from cryptography>=3.4.6->aws-encryption-sdk<5.0.0,>=3.1.1->aws-lambda-powertools[all]->-r requirements.txt (line 2))
  Downloading cffi-2.0.0-cp313-cp313-manylinux2014_x86_64.manylinux_2_17_x86_64.whl.metadata (2.6 kB)
Collecting pycparser (from cffi>=2.0.0->cryptography>=3.4.6->aws-encryption-sdk<5.0.0,>=3.1.1->aws-lambda-powertools[all]->-r requirements.txt (line 2))
  Downloading pycparser-2.23-py3-none-any.whl.metadata (993 bytes)
Downloading boto3-1.40.50-py3-none-any.whl (139 kB)
Downloading botocore-1.40.50-py3-none-any.whl (14.1 MB)
   ━━━━━━━━━━━━━━━━━━━━━━━━━━━━━━━━━━━━━━━━ 14.1/14.1 MB 33.4 MB/s  0:00:00
Downloading jmespath-1.0.1-py3-none-any.whl (20 kB)
Downloading python_dateutil-2.9.0.post0-py2.py3-none-any.whl (229 kB)
Downloading s3transfer-0.14.0-py3-none-any.whl (85 kB)
Downloading urllib3-2.5.0-py3-none-any.whl (129 kB)
Downloading aws_lambda_powertools-3.21.0-py3-none-any.whl (846 kB)
   ━━━━━━━━━━━━━━━━━━━━━━━━━━━━━━━━━━━━━━━━ 846.5/846.5 kB 33.5 MB/s  0:00:00
Downloading aws_encryption_sdk-4.0.3-py2.py3-none-any.whl (99 kB)
Downloading aws_xray_sdk-2.14.0-py2.py3-none-any.whl (101 kB)
Downloading fastjsonschema-2.21.2-py3-none-any.whl (24 kB)
Downloading jsonpath_ng-1.7.0-py3-none-any.whl (30 kB)
Downloading pydantic-2.12.0-py3-none-any.whl (459 kB)
Downloading pydantic_core-2.41.1-cp313-cp313-manylinux_2_17_x86_64.manylinux2014_x86_64.whl (2.1 MB)
   ━━━━━━━━━━━━━━━━━━━━━━━━━━━━━━━━━━━━━━━━ 2.1/2.1 MB 38.4 MB/s  0:00:00
Downloading pydantic_settings-2.11.0-py3-none-any.whl (48 kB)
Downloading typing_extensions-4.15.0-py3-none-any.whl (44 kB)
Downloading annotated_types-0.7.0-py3-none-any.whl (13 kB)
Downloading attrs-25.4.0-py3-none-any.whl (67 kB)
Downloading cryptography-46.0.2-cp311-abi3-manylinux_2_34_x86_64.whl (4.5 MB)
   ━━━━━━━━━━━━━━━━━━━━━━━━━━━━━━━━━━━━━━━━ 4.5/4.5 MB 27.4 MB/s  0:00:00
Downloading cffi-2.0.0-cp313-cp313-manylinux2014_x86_64.manylinux_2_17_x86_64.whl (219 kB)
Downloading python_dotenv-1.1.1-py3-none-any.whl (20 kB)
Downloading six-1.17.0-py2.py3-none-any.whl (11 kB)
Downloading typing_inspection-0.4.2-py3-none-any.whl (14 kB)
Downloading wrapt-1.17.3-cp313-cp313-manylinux1_x86_64.manylinux_2_28_x86_64.manylinux_2_5_x86_64.whl (88 kB)
Downloading ply-3.11-py2.py3-none-any.whl (49 kB)
Downloading pycparser-2.23-py3-none-any.whl (118 kB)
Installing collected packages: ply, fastjsonschema, wrapt, urllib3, typing-extensions, six, python-dotenv, pycparser, jsonpath-ng, jmespath, attrs, annotated-types, typing-inspection, python-dateutil, pydantic-core, cffi, aws-lambda-powertools, pydantic, cryptography, botocore, s3transfer, pydantic-settings, aws-xray-sdk, boto3, aws-encryption-sdk

ERROR: pip's dependency resolver does not currently take into account all the packages that are installed. This behaviour is the source of the following dependency conflicts.
poetry 1.5.1 requires urllib3<2.0.0,>=1.26.0, but you have urllib3 2.5.0 which is incompatible.
Successfully installed annotated-types-0.7.0 attrs-25.4.0 aws-encryption-sdk-4.0.3 aws-lambda-powertools-3.21.0 aws-xray-sdk-2.14.0 boto3-1.40.50 botocore-1.40.50 cffi-2.0.0 cryptography-46.0.2 fastjsonschema-2.21.2 jmespath-1.0.1 jsonpath-ng-1.7.0 ply-3.11 pycparser-2.23 pydantic-2.12.0 pydantic-core-2.41.1 pydantic-settings-2.11.0 python-dateutil-2.9.0.post0 python-dotenv-1.1.1 s3transfer-0.14.0 six-1.17.0 typing-extensions-4.15.0 typing-inspection-0.4.2 urllib3-2.5.0 wrapt-1.17.3
[WARNING] aws-cdk-lib.aws_dynamodb.TableOptions#pointInTimeRecovery is deprecated.
  use `pointInTimeRecoverySpecification` instead
  This API will be removed in the next major release.
[WARNING] aws-cdk-lib.aws_dynamodb.TableOptions#pointInTimeRecovery is deprecated.
  use `pointInTimeRecoverySpecification` instead
  This API will be removed in the next major release.
#0 building with "desktop-linux" instance using docker driver

#1 [internal] load build definition from Dockerfile
#1 transferring dockerfile: 1.56kB done
#1 DONE 0.0s

#2 [internal] load metadata for public.ecr.aws/sam/build-python3.13:latest
#2 DONE 1.9s

#3 [internal] load .dockerignore
#3 transferring context: 2B done
#3 DONE 0.0s

#4 [1/2] FROM public.ecr.aws/sam/build-python3.13:latest@sha256:37ec6bb4a7ffbab3e594d4c3505bcd76b28089dbc3280840ce42c711802ec672
#4 resolve public.ecr.aws/sam/build-python3.13:latest@sha256:37ec6bb4a7ffbab3e594d4c3505bcd76b28089dbc3280840ce42c711802ec672 done
#4 DONE 0.0s

#5 [2/2] RUN     python -m venv /usr/app/venv &&     mkdir /tmp/pip-cache &&     chmod -R 777 /tmp/pip-cache &&     pip install --upgrade pip &&     mkdir /tmp/poetry-cache &&     chmod -R 777 /tmp/poetry-cache &&     pip install pipenv==2022.4.8 poetry==1.5.1 &&     rm -rf /tmp/pip-cache/* /tmp/poetry-cache/*
#5 CACHED

#6 exporting to image
#6 exporting layers done
#6 exporting manifest sha256:63cee940d23d023073a4701d93a0e141939d27434e7a35fdcb260cf58913df06 done
#6 exporting config sha256:8b1d2ed7a82c5b887e78da56fd1f5a3426c59f9312a796281c8fcf6f85faa562 done
#6 exporting attestation manifest sha256:76720b1335e4a3f46bff9ac6b26adc22fc3053e23ba6606012a337d89ad56fb3 0.0s done
#6 exporting manifest list sha256:5f310372fab786e31a5b41143e60b80908bbb68df3ec5a91e3d1f4cac61c71be done
#6 naming to docker.io/library/cdk-493dee76582fe19b066345556cf758be38671077c98fb57a4eccaf030d61bef8:latest done
#6 DONE 0.1s
Bundling asset BedrockChatStack/UsageAnalysis/ExportHandler/Code/Stage...
WARNING: The requested image's platform (linux/amd64) does not match the detected host platform (linux/arm64/v8) and no specific platform was requested
sending incremental file list
index.py
requirements.txt

sent 1,656 bytes  received 54 bytes  3,420.00 bytes/sec
total size is 1,493  speedup is 0.87
Collecting boto3==1.34.19 (from -r requirements.txt (line 1))
  Downloading boto3-1.34.19-py3-none-any.whl.metadata (6.6 kB)
Collecting botocore<1.35.0,>=1.34.19 (from boto3==1.34.19->-r requirements.txt (line 1))
  Downloading botocore-1.34.162-py3-none-any.whl.metadata (5.7 kB)
Collecting jmespath<2.0.0,>=0.7.1 (from boto3==1.34.19->-r requirements.txt (line 1))
  Downloading jmespath-1.0.1-py3-none-any.whl.metadata (7.6 kB)
Collecting s3transfer<0.11.0,>=0.10.0 (from boto3==1.34.19->-r requirements.txt (line 1))
  Downloading s3transfer-0.10.4-py3-none-any.whl.metadata (1.7 kB)
Collecting python-dateutil<3.0.0,>=2.1 (from botocore<1.35.0,>=1.34.19->boto3==1.34.19->-r requirements.txt (line 1))
  Downloading python_dateutil-2.9.0.post0-py2.py3-none-any.whl.metadata (8.4 kB)
Collecting urllib3!=2.2.0,<3,>=1.25.4 (from botocore<1.35.0,>=1.34.19->boto3==1.34.19->-r requirements.txt (line 1))
  Downloading urllib3-2.5.0-py3-none-any.whl.metadata (6.5 kB)
Collecting six>=1.5 (from python-dateutil<3.0.0,>=2.1->botocore<1.35.0,>=1.34.19->boto3==1.34.19->-r requirements.txt (line 1))
  Downloading six-1.17.0-py2.py3-none-any.whl.metadata (1.7 kB)
Downloading boto3-1.34.19-py3-none-any.whl (139 kB)
Downloading botocore-1.34.162-py3-none-any.whl (12.5 MB)
   ━━━━━━━━━━━━━━━━━━━━━━━━━━━━━━━━━━━━━━━━ 12.5/12.5 MB 33.9 MB/s  0:00:00
Downloading jmespath-1.0.1-py3-none-any.whl (20 kB)
Downloading python_dateutil-2.9.0.post0-py2.py3-none-any.whl (229 kB)
Downloading s3transfer-0.10.4-py3-none-any.whl (83 kB)
Downloading urllib3-2.5.0-py3-none-any.whl (129 kB)
Downloading six-1.17.0-py2.py3-none-any.whl (11 kB)
Installing collected packages: urllib3, six, jmespath, python-dateutil, botocore, s3transfer, boto3

ERROR: pip's dependency resolver does not currently take into account all the packages that are installed. This behaviour is the source of the following dependency conflicts.
poetry 1.5.1 requires urllib3<2.0.0,>=1.26.0, but you have urllib3 2.5.0 which is incompatible.
Successfully installed boto3-1.34.19 botocore-1.34.162 jmespath-1.0.1 python-dateutil-2.9.0.post0 s3transfer-0.10.4 six-1.17.0 urllib3-2.5.0
#0 building with "desktop-linux" instance using docker driver

#1 [internal] load build definition from Dockerfile
#1 transferring dockerfile: 1.56kB done
#1 DONE 0.0s

#2 [internal] load metadata for public.ecr.aws/sam/build-python3.13:latest
#2 DONE 0.8s

#3 [internal] load .dockerignore
#3 transferring context: 2B done
#3 DONE 0.0s

#4 [1/2] FROM public.ecr.aws/sam/build-python3.13:latest@sha256:37ec6bb4a7ffbab3e594d4c3505bcd76b28089dbc3280840ce42c711802ec672
#4 resolve public.ecr.aws/sam/build-python3.13:latest@sha256:37ec6bb4a7ffbab3e594d4c3505bcd76b28089dbc3280840ce42c711802ec672 0.0s done
#4 CACHED

#5 [2/2] RUN     python -m venv /usr/app/venv &&     mkdir /tmp/pip-cache &&     chmod -R 777 /tmp/pip-cache &&     pip install --upgrade pip &&     mkdir /tmp/poetry-cache &&     chmod -R 777 /tmp/poetry-cache &&     pip install pipenv==2022.4.8 poetry==1.8.3 &&     rm -rf /tmp/pip-cache/* /tmp/poetry-cache/*
#5 3.076 Requirement already satisfied: pip in /usr/app/venv/lib/python3.13/site-packages (25.1.1)
#5 18.34 Collecting pip
#5 48.56   Downloading pip-25.2-py3-none-any.whl.metadata (4.7 kB)
#5 48.61 Downloading pip-25.2-py3-none-any.whl (1.8 MB)
#5 48.80    ━━━━━━━━━━━━━━━━━━━━━━━━━━━━━━━━━━━━━━━━ 1.8/1.8 MB 13.3 MB/s eta 0:00:00
#5 48.83 Installing collected packages: pip
#5 48.83   Attempting uninstall: pip
#5 48.83     Found existing installation: pip 25.1.1
#5 48.88     Uninstalling pip-25.1.1:
#5 48.89       Successfully uninstalled pip-25.1.1
#5 49.66 Successfully installed pip-25.2
#5 70.62 Collecting pipenv==2022.4.8
#5 100.8   Downloading pipenv-2022.4.8-py2.py3-none-any.whl.metadata (13 kB)
#5 100.9 Collecting poetry==1.8.3
#5 101.0   Downloading poetry-1.8.3-py3-none-any.whl.metadata (6.8 kB)
#5 101.0 Requirement already satisfied: pip>=18.0 in /usr/app/venv/lib/python3.13/site-packages (from pipenv==2022.4.8) (25.2)
#5 101.0 Collecting certifi (from pipenv==2022.4.8)
#5 101.1   Downloading certifi-2025.10.5-py3-none-any.whl.metadata (2.5 kB)
#5 101.3 Collecting setuptools>=36.2.1 (from pipenv==2022.4.8)
#5 101.3   Downloading setuptools-80.9.0-py3-none-any.whl.metadata (6.6 kB)
#5 101.4 Collecting virtualenv-clone>=0.2.5 (from pipenv==2022.4.8)
#5 101.4   Downloading virtualenv_clone-0.5.7-py3-none-any.whl.metadata (2.7 kB)
#5 101.5 Collecting virtualenv (from pipenv==2022.4.8)
#5 101.5   Downloading virtualenv-20.35.3-py3-none-any.whl.metadata (4.6 kB)
#5 101.6 Collecting build<2.0.0,>=1.0.3 (from poetry==1.8.3)
#5 101.6   Downloading build-1.3.0-py3-none-any.whl.metadata (5.6 kB)
#5 101.7 Collecting cachecontrol<0.15.0,>=0.14.0 (from cachecontrol[filecache]<0.15.0,>=0.14.0->poetry==1.8.3)
#5 101.7   Downloading cachecontrol-0.14.3-py3-none-any.whl.metadata (3.1 kB)
#5 101.8 Collecting cleo<3.0.0,>=2.1.0 (from poetry==1.8.3)
#5 101.8   Downloading cleo-2.1.0-py3-none-any.whl.metadata (12 kB)
#5 101.9 Collecting crashtest<0.5.0,>=0.4.1 (from poetry==1.8.3)
#5 101.9   Downloading crashtest-0.4.1-py3-none-any.whl.metadata (1.1 kB)
#5 102.1 Collecting dulwich<0.22.0,>=0.21.2 (from poetry==1.8.3)
#5 102.1   Downloading dulwich-0.21.7.tar.gz (448 kB)
#5 102.3   Installing build dependencies: started
#5 118.5   Installing build dependencies: finished with status 'done'
#5 118.5   Getting requirements to build wheel: started
#5 119.1   Getting requirements to build wheel: finished with status 'done'
#5 119.1   Preparing metadata (pyproject.toml): started
#5 119.5   Preparing metadata (pyproject.toml): finished with status 'done'
#5 119.5 Collecting fastjsonschema<3.0.0,>=2.18.0 (from poetry==1.8.3)
#5 119.6   Downloading fastjsonschema-2.21.2-py3-none-any.whl.metadata (2.3 kB)
#5 119.6 Collecting installer<0.8.0,>=0.7.0 (from poetry==1.8.3)
#5 119.7   Downloading installer-0.7.0-py3-none-any.whl.metadata (936 bytes)
#5 119.7 Collecting keyring<25.0.0,>=24.0.0 (from poetry==1.8.3)
#5 119.8   Downloading keyring-24.3.1-py3-none-any.whl.metadata (20 kB)
#5 119.8 Collecting packaging>=23.1 (from poetry==1.8.3)
#5 119.9   Downloading packaging-25.0-py3-none-any.whl.metadata (3.3 kB)
#5 119.9 Collecting pexpect<5.0.0,>=4.7.0 (from poetry==1.8.3)
#5 119.9   Downloading pexpect-4.9.0-py2.py3-none-any.whl.metadata (2.5 kB)
#5 120.0 Collecting pkginfo<2.0,>=1.10 (from poetry==1.8.3)
#5 120.1   Downloading pkginfo-1.12.1.2-py3-none-any.whl.metadata (13 kB)
#5 120.1 Collecting platformdirs<5,>=3.0.0 (from poetry==1.8.3)
#5 120.1   Downloading platformdirs-4.5.0-py3-none-any.whl.metadata (12 kB)
#5 120.2 Collecting poetry-core==1.9.0 (from poetry==1.8.3)
#5 120.2   Downloading poetry_core-1.9.0-py3-none-any.whl.metadata (3.5 kB)
#5 120.3 Collecting poetry-plugin-export<2.0.0,>=1.6.0 (from poetry==1.8.3)
#5 120.3   Downloading poetry_plugin_export-1.9.0-py3-none-any.whl.metadata (3.1 kB)
#5 120.4 Collecting pyproject-hooks<2.0.0,>=1.0.0 (from poetry==1.8.3)
#5 120.4   Downloading pyproject_hooks-1.2.0-py3-none-any.whl.metadata (1.3 kB)
#5 120.5 Collecting requests<3.0,>=2.26 (from poetry==1.8.3)
#5 120.5   Downloading requests-2.32.5-py3-none-any.whl.metadata (4.9 kB)
#5 120.6 Collecting requests-toolbelt<2.0.0,>=1.0.0 (from poetry==1.8.3)
#5 120.6   Downloading requests_toolbelt-1.0.0-py2.py3-none-any.whl.metadata (14 kB)
#5 120.6 Collecting shellingham<2.0,>=1.5 (from poetry==1.8.3)
#5 120.7   Downloading shellingham-1.5.4-py2.py3-none-any.whl.metadata (3.5 kB)
#5 120.7 Collecting tomlkit<1.0.0,>=0.11.4 (from poetry==1.8.3)
#5 120.8   Downloading tomlkit-0.13.3-py3-none-any.whl.metadata (2.8 kB)
#5 120.8 Collecting trove-classifiers>=2022.5.19 (from poetry==1.8.3)
#5 120.9   Downloading trove_classifiers-2025.9.11.17-py3-none-any.whl.metadata (2.4 kB)
#5 121.0 Collecting msgpack<2.0.0,>=0.5.2 (from cachecontrol<0.15.0,>=0.14.0->cachecontrol[filecache]<0.15.0,>=0.14.0->poetry==1.8.3)
#5 121.0   Downloading msgpack-1.1.2-cp313-cp313-manylinux2014_x86_64.manylinux_2_17_x86_64.manylinux_2_28_x86_64.whl.metadata (8.1 kB)
#5 121.1 Collecting filelock>=3.8.0 (from cachecontrol[filecache]<0.15.0,>=0.14.0->poetry==1.8.3)
#5 121.1   Downloading filelock-3.20.0-py3-none-any.whl.metadata (2.1 kB)
#5 121.7 Collecting rapidfuzz<4.0.0,>=3.0.0 (from cleo<3.0.0,>=2.1.0->poetry==1.8.3)
#5 121.7   Downloading rapidfuzz-3.14.1-cp313-cp313-manylinux_2_27_x86_64.manylinux_2_28_x86_64.whl.metadata (12 kB)
#5 121.8 Collecting urllib3>=1.25 (from dulwich<0.22.0,>=0.21.2->poetry==1.8.3)
#5 121.8   Downloading urllib3-2.5.0-py3-none-any.whl.metadata (6.5 kB)
#5 121.9 Collecting jaraco.classes (from keyring<25.0.0,>=24.0.0->poetry==1.8.3)
#5 121.9   Downloading jaraco.classes-3.4.0-py3-none-any.whl.metadata (2.6 kB)
#5 122.0 Collecting SecretStorage>=3.2 (from keyring<25.0.0,>=24.0.0->poetry==1.8.3)
#5 122.0   Downloading secretstorage-3.4.0-py3-none-any.whl.metadata (3.9 kB)
#5 122.1 Collecting jeepney>=0.4.2 (from keyring<25.0.0,>=24.0.0->poetry==1.8.3)
#5 122.1   Downloading jeepney-0.9.0-py3-none-any.whl.metadata (1.2 kB)
#5 122.2 Collecting ptyprocess>=0.5 (from pexpect<5.0.0,>=4.7.0->poetry==1.8.3)
#5 122.2   Downloading ptyprocess-0.7.0-py2.py3-none-any.whl.metadata (1.3 kB)
#5 122.2 INFO: pip is looking at multiple versions of poetry-plugin-export to determine which version is compatible with other requirements. This could take a while.
#5 122.2 Collecting poetry-plugin-export<2.0.0,>=1.6.0 (from poetry==1.8.3)
#5 122.2   Downloading poetry_plugin_export-1.8.0-py3-none-any.whl.metadata (2.8 kB)
#5 122.4 Collecting charset_normalizer<4,>=2 (from requests<3.0,>=2.26->poetry==1.8.3)
#5 122.4   Downloading charset_normalizer-3.4.3-cp313-cp313-manylinux2014_x86_64.manylinux_2_17_x86_64.manylinux_2_28_x86_64.whl.metadata (36 kB)
#5 122.5 Collecting idna<4,>=2.5 (from requests<3.0,>=2.26->poetry==1.8.3)
#5 122.5   Downloading idna-3.11-py3-none-any.whl.metadata (8.4 kB)
#5 122.6 Collecting distlib<1,>=0.3.7 (from virtualenv->pipenv==2022.4.8)
#5 122.7   Downloading distlib-0.4.0-py2.py3-none-any.whl.metadata (5.2 kB)
#5 122.9 Collecting cryptography>=2.0 (from SecretStorage>=3.2->keyring<25.0.0,>=24.0.0->poetry==1.8.3)
#5 123.0   Downloading cryptography-46.0.2-cp311-abi3-manylinux_2_34_x86_64.whl.metadata (5.7 kB)
#5 123.1 Collecting cffi>=2.0.0 (from cryptography>=2.0->SecretStorage>=3.2->keyring<25.0.0,>=24.0.0->poetry==1.8.3)
#5 123.1   Downloading cffi-2.0.0-cp313-cp313-manylinux2014_x86_64.manylinux_2_17_x86_64.whl.metadata (2.6 kB)
#5 123.2 Collecting pycparser (from cffi>=2.0.0->cryptography>=2.0->SecretStorage>=3.2->keyring<25.0.0,>=24.0.0->poetry==1.8.3)
#5 123.2   Downloading pycparser-2.23-py3-none-any.whl.metadata (993 bytes)
#5 123.3 Collecting more-itertools (from jaraco.classes->keyring<25.0.0,>=24.0.0->poetry==1.8.3)
#5 123.3   Downloading more_itertools-10.8.0-py3-none-any.whl.metadata (39 kB)
#5 123.4 Downloading pipenv-2022.4.8-py2.py3-none-any.whl (3.6 MB)
#5 123.5    ━━━━━━━━━━━━━━━━━━━━━━━━━━━━━━━━━━━━━━━━ 3.6/3.6 MB 28.1 MB/s  0:00:00
#5 123.5 Downloading poetry-1.8.3-py3-none-any.whl (249 kB)
#5 124.0 Downloading poetry_core-1.9.0-py3-none-any.whl (309 kB)
#5 124.0 Downloading build-1.3.0-py3-none-any.whl (23 kB)
#5 124.1 Downloading cachecontrol-0.14.3-py3-none-any.whl (21 kB)
#5 124.1 Downloading cleo-2.1.0-py3-none-any.whl (78 kB)
#5 124.2 Downloading crashtest-0.4.1-py3-none-any.whl (7.6 kB)
#5 124.2 Downloading fastjsonschema-2.21.2-py3-none-any.whl (24 kB)
#5 124.2 Downloading installer-0.7.0-py3-none-any.whl (453 kB)
#5 124.3 Downloading keyring-24.3.1-py3-none-any.whl (38 kB)
#5 124.3 Downloading msgpack-1.1.2-cp313-cp313-manylinux2014_x86_64.manylinux_2_17_x86_64.manylinux_2_28_x86_64.whl (424 kB)
#5 124.4 Downloading pexpect-4.9.0-py2.py3-none-any.whl (63 kB)
#5 124.4 Downloading pkginfo-1.12.1.2-py3-none-any.whl (32 kB)
#5 124.5 Downloading platformdirs-4.5.0-py3-none-any.whl (18 kB)
#5 124.5 Downloading poetry_plugin_export-1.8.0-py3-none-any.whl (10 kB)
#5 124.6 Downloading pyproject_hooks-1.2.0-py3-none-any.whl (10 kB)
#5 124.6 Downloading rapidfuzz-3.14.1-cp313-cp313-manylinux_2_27_x86_64.manylinux_2_28_x86_64.whl (3.2 MB)
#5 124.7    ━━━━━━━━━━━━━━━━━━━━━━━━━━━━━━━━━━━━━━━━ 3.2/3.2 MB 23.8 MB/s  0:00:00
#5 124.8 Downloading requests-2.32.5-py3-none-any.whl (64 kB)
#5 124.8 Downloading charset_normalizer-3.4.3-cp313-cp313-manylinux2014_x86_64.manylinux_2_17_x86_64.manylinux_2_28_x86_64.whl (151 kB)
#5 124.9 Downloading idna-3.11-py3-none-any.whl (71 kB)
#5 124.9 Downloading requests_toolbelt-1.0.0-py2.py3-none-any.whl (54 kB)
#5 125.0 Downloading shellingham-1.5.4-py2.py3-none-any.whl (9.8 kB)
#5 125.0 Downloading tomlkit-0.13.3-py3-none-any.whl (38 kB)
#5 125.0 Downloading urllib3-2.5.0-py3-none-any.whl (129 kB)
#5 125.1 Downloading virtualenv-20.35.3-py3-none-any.whl (6.0 MB)
#5 125.6    ━━━━━━━━━━━━━━━━━━━━━━━━━━━━━━━━━━━━━━━━ 6.0/6.0 MB 11.6 MB/s  0:00:00
#5 125.6 Downloading distlib-0.4.0-py2.py3-none-any.whl (469 kB)
#5 125.7 Downloading filelock-3.20.0-py3-none-any.whl (16 kB)
#5 125.7 Downloading certifi-2025.10.5-py3-none-any.whl (163 kB)
#5 125.8 Downloading jeepney-0.9.0-py3-none-any.whl (49 kB)
#5 125.8 Downloading packaging-25.0-py3-none-any.whl (66 kB)
#5 125.9 Downloading ptyprocess-0.7.0-py2.py3-none-any.whl (13 kB)
#5 125.9 Downloading secretstorage-3.4.0-py3-none-any.whl (15 kB)
#5 126.0 Downloading cryptography-46.0.2-cp311-abi3-manylinux_2_34_x86_64.whl (4.5 MB)
#5 126.2    ━━━━━━━━━━━━━━━━━━━━━━━━━━━━━━━━━━━━━━━━ 4.5/4.5 MB 15.8 MB/s  0:00:00
#5 126.3 Downloading cffi-2.0.0-cp313-cp313-manylinux2014_x86_64.manylinux_2_17_x86_64.whl (219 kB)
#5 126.3 Using cached setuptools-80.9.0-py3-none-any.whl (1.2 MB)
#5 126.3 Downloading trove_classifiers-2025.9.11.17-py3-none-any.whl (14 kB)
#5 126.4 Downloading virtualenv_clone-0.5.7-py3-none-any.whl (6.6 kB)
#5 126.4 Downloading jaraco.classes-3.4.0-py3-none-any.whl (6.8 kB)
#5 126.5 Downloading more_itertools-10.8.0-py3-none-any.whl (69 kB)
#5 126.5 Downloading pycparser-2.23-py3-none-any.whl (118 kB)
#5 126.6 Building wheels for collected packages: dulwich
#5 126.7   Building wheel for dulwich (pyproject.toml): started
#5 129.4   Building wheel for dulwich (pyproject.toml): finished with status 'done'
#5 129.4   Created wheel for dulwich: filename=dulwich-0.21.7-cp313-cp313-linux_x86_64.whl size=519671 sha256=62183296e8ad810b6aba521f2df1500791a5abd9950bd700f7faf18c227762bc
#5 129.4   Stored in directory: /tmp/pip-cache/wheels/63/f9/68/6bb6145045043643aaf320f7e02bd693edd8db4a4e21472df8
#5 129.4 Successfully built dulwich
#5 129.5 Installing collected packages: trove-classifiers, ptyprocess, fastjsonschema, distlib, virtualenv-clone, urllib3, tomlkit, shellingham, setuptools, rapidfuzz, pyproject-hooks, pycparser, poetry-core, platformdirs, pkginfo, pexpect, packaging, msgpack, more-itertools, jeepney, installer, idna, filelock, crashtest, charset_normalizer, certifi, virtualenv, requests, jaraco.classes, dulwich, cleo, cffi, build, requests-toolbelt, pipenv, cryptography, cachecontrol, SecretStorage, keyring, poetry-plugin-export, poetry
#5 133.7 
#5 133.7 Successfully installed SecretStorage-3.4.0 build-1.3.0 cachecontrol-0.14.3 certifi-2025.10.5 cffi-2.0.0 charset_normalizer-3.4.3 cleo-2.1.0 crashtest-0.4.1 cryptography-46.0.2 distlib-0.4.0 dulwich-0.21.7 fastjsonschema-2.21.2 filelock-3.20.0 idna-3.11 installer-0.7.0 jaraco.classes-3.4.0 jeepney-0.9.0 keyring-24.3.1 more-itertools-10.8.0 msgpack-1.1.2 packaging-25.0 pexpect-4.9.0 pipenv-2022.4.8 pkginfo-1.12.1.2 platformdirs-4.5.0 poetry-1.8.3 poetry-core-1.9.0 poetry-plugin-export-1.8.0 ptyprocess-0.7.0 pycparser-2.23 pyproject-hooks-1.2.0 rapidfuzz-3.14.1 requests-2.32.5 requests-toolbelt-1.0.0 setuptools-80.9.0 shellingham-1.5.4 tomlkit-0.13.3 trove-classifiers-2025.9.11.17 urllib3-2.5.0 virtualenv-20.35.3 virtualenv-clone-0.5.7
#5 DONE 134.1s

#6 exporting to image
#6 exporting layers
#6 exporting layers 2.8s done
#6 exporting manifest sha256:ca076aa16d4962f63a2f2d103f6aa4b0cf34507d7c855497136ce8e51181d760 done
#6 exporting config sha256:0ecf7d14582bad546309fd1e1f25938546b8ae3b41f965ce72d1b104b97f1fdc done
#6 exporting attestation manifest sha256:f12fe3e56f638a8f4cba5413104a5eb27e7e2afbace58725a3888daadece9828 done
#6 exporting manifest list sha256:7ee6dbde72fb356fad5d13ab75bb416e4d0e2b14100f16db50700183cd5cd721 done
#6 naming to docker.io/library/cdk-5fddbd774d47abfe19939089e322298ed1d3b131086d6efeda48abe14dfc9e42:latest done
#6 DONE 2.8s
Bundling asset BedrockChatStack/BackendApi/HandlerV2/Code/Stage...
WARNING: The requested image's platform (linux/amd64) does not match the detected host platform (linux/arm64/v8) and no specific platform was requested
sending incremental file list
.gitignore
Dockerfile
README.md
lambda.Dockerfile
mypy.ini
poetry.lock
poetry.toml
pyproject.toml
run.sh
app/
app/__init__.py
app/auth.py
app/bedrock.py
app/bot_remove.py
app/config.py
app/dependencies.py
app/main.py
app/prompt.py
app/sqs_consumer.py
app/stream.py
app/user.py
app/utils.py
app/vector_search.py
app/websocket.py
app/agents/
app/agents/utils.py
app/agents/tools/
app/agents/tools/agent_tool.py
app/agents/tools/bedrock_agent.py
app/agents/tools/internet_search.py
app/agents/tools/knowledge.py
app/config/
app/repositories/
app/repositories/api_publication.py
app/repositories/bot_store.py
app/repositories/common.py
app/repositories/conversation.py
app/repositories/conversation_search.py
app/repositories/custom_bot.py
app/repositories/knowledge_base.py
app/repositories/usage_analysis.py
app/repositories/user.py
app/repositories/models/
app/repositories/models/api_publication.py
app/repositories/models/common.py
app/repositories/models/conversation.py
app/repositories/models/conversation_search.py
app/repositories/models/custom_bot.py
app/repositories/models/custom_bot_guardrails.py
app/repositories/models/custom_bot_kb.py
app/repositories/models/usage_analysis.py
app/routes/
app/routes/admin.py
app/routes/api_publication.py
app/routes/bot.py
app/routes/bot_store.py
app/routes/conversation.py
app/routes/global_config.py
app/routes/published_api.py
app/routes/user.py
app/routes/schemas/
app/routes/schemas/admin.py
app/routes/schemas/api_publication.py
app/routes/schemas/base.py
app/routes/schemas/bot.py
app/routes/schemas/bot_guardrails.py
app/routes/schemas/bot_kb.py
app/routes/schemas/conversation.py
app/routes/schemas/published_api.py
app/usecases/
app/usecases/bot.py
app/usecases/bot_store.py
app/usecases/chat.py
app/usecases/global_config.py
app/usecases/publication.py
app/usecases/user.py
app/utils/
app/utils/__init__.py
app/utils/message_summarizer.py
auth/
auth/add_user_to_groups/
auth/add_user_to_groups/add_user_to_groups.py
auth/add_user_to_groups/requirements.txt
auth/check_email_domain/
auth/check_email_domain/check_email_domain.py
embedding_statemachine/
embedding_statemachine/bedrock_knowledge_base/
embedding_statemachine/bedrock_knowledge_base/fetch_stack_output.py
embedding_statemachine/bedrock_knowledge_base/store_knowledge_base_id.py
embedding_statemachine/bedrock_knowledge_base/update_bot_status.py
embedding_statemachine/guardrails/
embedding_statemachine/guardrails/store_guardrail_arn.py
s3_exporter/
s3_exporter/index.py
s3_exporter/requirements.txt

sent 606,719 bytes  received 1,602 bytes  1,216,642.00 bytes/sec
total size is 600,677  speedup is 0.99
Warning: poetry-plugin-export will not be installed by default in a future version of Poetry.
In order to avoid a breaking change and make your automation forward-compatible, please install poetry-plugin-export explicitly. See https://python-poetry.org/docs/plugins/#using-plugins for details on how to install a plugin.
To disable this warning run 'poetry config warnings.export false'.
The lock file might not be compatible with the current version of Poetry.
Upgrade Poetry to ensure the lock file is read properly or, alternatively, regenerate the lock file with the `poetry lock` command.
Ignoring colorama: markers 'python_full_version >= "3.13.0" and python_full_version < "4.0.0" and platform_system == "Windows"' don't match your environment
Collecting annotated-types==0.7.0 (from -r requirements.txt (line 1))
  Downloading annotated_types-0.7.0-py3-none-any.whl.metadata (15 kB)
Collecting anyio==4.9.0 (from -r requirements.txt (line 2))
  Downloading anyio-4.9.0-py3-none-any.whl.metadata (4.7 kB)
Collecting argparse==1.4.0 (from -r requirements.txt (line 3))
  Downloading argparse-1.4.0-py2.py3-none-any.whl.metadata (2.8 kB)
Collecting asn1crypto==1.5.1 (from -r requirements.txt (line 4))
  Downloading asn1crypto-1.5.1-py2.py3-none-any.whl.metadata (13 kB)
Collecting boto3-stubs==1.37.29 (from boto3-stubs[bedrock,bedrock-agent-runtime,bedrock-runtime,boto3]==1.37.29->-r requirements.txt (line 5))
  Downloading boto3_stubs-1.37.29-py3-none-any.whl.metadata (149 kB)
Collecting boto3==1.37.29 (from -r requirements.txt (line 6))
  Downloading boto3-1.37.29-py3-none-any.whl.metadata (6.7 kB)
Collecting botocore-stubs==1.37.29 (from -r requirements.txt (line 7))
  Downloading botocore_stubs-1.37.29-py3-none-any.whl.metadata (4.7 kB)
Collecting botocore==1.37.29 (from -r requirements.txt (line 8))
  Downloading botocore-1.37.29-py3-none-any.whl.metadata (5.7 kB)
Collecting certifi==2025.1.31 (from -r requirements.txt (line 9))
  Downloading certifi-2025.1.31-py3-none-any.whl.metadata (2.5 kB)
Collecting charset-normalizer==3.4.1 (from -r requirements.txt (line 10))
  Downloading charset_normalizer-3.4.1-cp313-cp313-manylinux_2_17_x86_64.manylinux2014_x86_64.whl.metadata (35 kB)
Collecting click==8.1.8 (from -r requirements.txt (line 11))
  Downloading click-8.1.8-py3-none-any.whl.metadata (2.3 kB)
Collecting duckduckgo-search==7.5.5 (from -r requirements.txt (line 13))
  Downloading duckduckgo_search-7.5.5-py3-none-any.whl.metadata (17 kB)
Collecting ecdsa==0.19.1 (from -r requirements.txt (line 14))
  Downloading ecdsa-0.19.1-py2.py3-none-any.whl.metadata (29 kB)
Collecting events==0.5 (from -r requirements.txt (line 15))
  Downloading Events-0.5-py3-none-any.whl.metadata (3.9 kB)
Collecting fastapi==0.115.12 (from -r requirements.txt (line 16))
  Downloading fastapi-0.115.12-py3-none-any.whl.metadata (27 kB)
Collecting firecrawl-py==1.15.0 (from -r requirements.txt (line 17))
  Downloading firecrawl_py-1.15.0-py3-none-any.whl.metadata (10 kB)
Collecting h11==0.16.0 (from -r requirements.txt (line 18))
  Downloading h11-0.16.0-py3-none-any.whl.metadata (8.3 kB)
Collecting idna==3.10 (from -r requirements.txt (line 19))
  Downloading idna-3.10-py3-none-any.whl.metadata (10 kB)
Collecting jmespath==1.0.1 (from -r requirements.txt (line 20))
  Downloading jmespath-1.0.1-py3-none-any.whl.metadata (7.6 kB)
Collecting langdetect==1.0.9 (from -r requirements.txt (line 21))
  Downloading langdetect-1.0.9.tar.gz (981 kB)
     ━━━━━━━━━━━━━━━━━━━━━━━━━━━━━━━━━━━━━━━━ 981.5/981.5 kB 17.0 MB/s  0:00:00
  Installing build dependencies: started
  Installing build dependencies: finished with status 'done'
  Getting requirements to build wheel: started
  Getting requirements to build wheel: finished with status 'done'
  Preparing metadata (pyproject.toml): started
  Preparing metadata (pyproject.toml): finished with status 'done'
Collecting lxml==5.3.2 (from -r requirements.txt (line 22))
  Downloading lxml-5.3.2-cp313-cp313-manylinux_2_28_x86_64.whl.metadata (3.6 kB)
Collecting mypy-boto3-bedrock-agent-runtime==1.37.22 (from -r requirements.txt (line 23))
  Downloading mypy_boto3_bedrock_agent_runtime-1.37.22-py3-none-any.whl.metadata (16 kB)
Collecting mypy-boto3-bedrock-runtime==1.37.29 (from -r requirements.txt (line 24))
  Downloading mypy_boto3_bedrock_runtime-1.37.29-py3-none-any.whl.metadata (15 kB)
Collecting mypy-boto3-bedrock==1.37.29 (from -r requirements.txt (line 25))
  Downloading mypy_boto3_bedrock-1.37.29-py3-none-any.whl.metadata (16 kB)
Collecting nest-asyncio==1.6.0 (from -r requirements.txt (line 26))
  Downloading nest_asyncio-1.6.0-py3-none-any.whl.metadata (2.8 kB)
Collecting opensearch-py==2.8.0 (from -r requirements.txt (line 27))
  Downloading opensearch_py-2.8.0-py3-none-any.whl.metadata (6.9 kB)
Collecting pg8000==1.31.2 (from -r requirements.txt (line 28))
  Downloading pg8000-1.31.2-py3-none-any.whl.metadata (74 kB)
Collecting primp==0.14.0 (from -r requirements.txt (line 29))
  Downloading primp-0.14.0-cp38-abi3-manylinux_2_17_x86_64.manylinux2014_x86_64.whl.metadata (13 kB)
Collecting pyasn1==0.4.8 (from -r requirements.txt (line 30))
  Downloading pyasn1-0.4.8-py2.py3-none-any.whl.metadata (1.5 kB)
Collecting pydantic-core==2.33.1 (from -r requirements.txt (line 31))
  Downloading pydantic_core-2.33.1-cp313-cp313-manylinux_2_17_x86_64.manylinux2014_x86_64.whl.metadata (6.8 kB)
Collecting pydantic==2.11.2 (from -r requirements.txt (line 32))
  Downloading pydantic-2.11.2-py3-none-any.whl.metadata (64 kB)
Collecting pyhumps==3.8.0 (from -r requirements.txt (line 33))
  Downloading pyhumps-3.8.0-py3-none-any.whl.metadata (4.0 kB)
Collecting python-dateutil==2.9.0.post0 (from -r requirements.txt (line 34))
  Downloading python_dateutil-2.9.0.post0-py2.py3-none-any.whl.metadata (8.4 kB)
Collecting python-dotenv==1.1.0 (from -r requirements.txt (line 35))
  Downloading python_dotenv-1.1.0-py3-none-any.whl.metadata (24 kB)
Collecting python-jose==3.4.0 (from -r requirements.txt (line 36))
  Downloading python_jose-3.4.0-py2.py3-none-any.whl.metadata (5.5 kB)
Collecting python-ulid==1.1.0 (from -r requirements.txt (line 37))
  Downloading python_ulid-1.1.0-py3-none-any.whl.metadata (4.9 kB)
Collecting requests-aws4auth==1.3.1 (from -r requirements.txt (line 38))
  Downloading requests_aws4auth-1.3.1-py3-none-any.whl.metadata (18 kB)
Collecting requests==2.32.4 (from -r requirements.txt (line 39))
  Downloading requests-2.32.4-py3-none-any.whl.metadata (4.9 kB)
Collecting reretry==0.11.8 (from -r requirements.txt (line 40))
  Downloading reretry-0.11.8-py2.py3-none-any.whl.metadata (5.5 kB)
Collecting rsa==4.9 (from -r requirements.txt (line 41))
  Downloading rsa-4.9-py3-none-any.whl.metadata (4.2 kB)
Collecting s3transfer==0.11.4 (from -r requirements.txt (line 42))
  Downloading s3transfer-0.11.4-py3-none-any.whl.metadata (1.7 kB)
Collecting scramp==1.4.5 (from -r requirements.txt (line 43))
  Downloading scramp-1.4.5-py3-none-any.whl.metadata (19 kB)
Collecting six==1.17.0 (from -r requirements.txt (line 44))
  Downloading six-1.17.0-py2.py3-none-any.whl.metadata (1.7 kB)
Collecting sniffio==1.3.1 (from -r requirements.txt (line 45))
  Downloading sniffio-1.3.1-py3-none-any.whl.metadata (3.9 kB)
Collecting starlette==0.46.1 (from -r requirements.txt (line 46))
  Downloading starlette-0.46.1-py3-none-any.whl.metadata (6.2 kB)
Collecting tenacity==8.3.0 (from -r requirements.txt (line 47))
  Downloading tenacity-8.3.0-py3-none-any.whl.metadata (1.2 kB)
Collecting types-awscrt==0.25.7 (from -r requirements.txt (line 48))
  Downloading types_awscrt-0.25.7-py3-none-any.whl.metadata (4.9 kB)
Collecting types-requests==2.32.0.20250328 (from -r requirements.txt (line 49))
  Downloading types_requests-2.32.0.20250328-py3-none-any.whl.metadata (2.3 kB)
Collecting types-retry==0.9.9.20250322 (from -r requirements.txt (line 50))
  Downloading types_retry-0.9.9.20250322-py3-none-any.whl.metadata (2.0 kB)
Collecting types-s3transfer==0.11.4 (from -r requirements.txt (line 51))
  Downloading types_s3transfer-0.11.4-py3-none-any.whl.metadata (5.0 kB)
Collecting typing-extensions==4.13.1 (from -r requirements.txt (line 52))
  Downloading typing_extensions-4.13.1-py3-none-any.whl.metadata (3.0 kB)
Collecting typing-inspection==0.4.0 (from -r requirements.txt (line 53))
  Downloading typing_inspection-0.4.0-py3-none-any.whl.metadata (2.6 kB)
Collecting urllib3==2.5.0 (from -r requirements.txt (line 54))
  Downloading urllib3-2.5.0-py3-none-any.whl.metadata (6.5 kB)
Collecting uvicorn==0.34.0 (from -r requirements.txt (line 55))
  Downloading uvicorn-0.34.0-py3-none-any.whl.metadata (6.5 kB)
Collecting websockets==15.0.1 (from -r requirements.txt (line 56))
  Downloading websockets-15.0.1-cp313-cp313-manylinux_2_5_x86_64.manylinux1_x86_64.manylinux_2_17_x86_64.manylinux2014_x86_64.whl.metadata (6.8 kB)
Downloading annotated_types-0.7.0-py3-none-any.whl (13 kB)
Downloading anyio-4.9.0-py3-none-any.whl (100 kB)
Downloading argparse-1.4.0-py2.py3-none-any.whl (23 kB)
Downloading asn1crypto-1.5.1-py2.py3-none-any.whl (105 kB)
Downloading boto3_stubs-1.37.29-py3-none-any.whl (68 kB)
Downloading boto3-1.37.29-py3-none-any.whl (139 kB)
Downloading botocore-1.37.29-py3-none-any.whl (13.5 MB)
   ━━━━━━━━━━━━━━━━━━━━━━━━━━━━━━━━━━━━━━━━ 13.5/13.5 MB 37.8 MB/s  0:00:00
Downloading jmespath-1.0.1-py3-none-any.whl (20 kB)
Downloading python_dateutil-2.9.0.post0-py2.py3-none-any.whl (229 kB)
Downloading s3transfer-0.11.4-py3-none-any.whl (84 kB)
Downloading urllib3-2.5.0-py3-none-any.whl (129 kB)
Downloading botocore_stubs-1.37.29-py3-none-any.whl (65 kB)
Downloading certifi-2025.1.31-py3-none-any.whl (166 kB)
Downloading charset_normalizer-3.4.1-cp313-cp313-manylinux_2_17_x86_64.manylinux2014_x86_64.whl (144 kB)
Downloading click-8.1.8-py3-none-any.whl (98 kB)
Downloading duckduckgo_search-7.5.5-py3-none-any.whl (20 kB)
Downloading ecdsa-0.19.1-py2.py3-none-any.whl (150 kB)
Downloading Events-0.5-py3-none-any.whl (6.8 kB)
Downloading fastapi-0.115.12-py3-none-any.whl (95 kB)
Downloading pydantic-2.11.2-py3-none-any.whl (443 kB)
Downloading starlette-0.46.1-py3-none-any.whl (71 kB)
Downloading firecrawl_py-1.15.0-py3-none-any.whl (34 kB)
Downloading h11-0.16.0-py3-none-any.whl (37 kB)
Downloading idna-3.10-py3-none-any.whl (70 kB)
Downloading lxml-5.3.2-cp313-cp313-manylinux_2_28_x86_64.whl (5.0 MB)
   ━━━━━━━━━━━━━━━━━━━━━━━━━━━━━━━━━━━━━━━━ 5.0/5.0 MB 35.5 MB/s  0:00:00
Downloading mypy_boto3_bedrock_agent_runtime-1.37.22-py3-none-any.whl (46 kB)
Downloading mypy_boto3_bedrock_runtime-1.37.29-py3-none-any.whl (31 kB)
Downloading mypy_boto3_bedrock-1.37.29-py3-none-any.whl (48 kB)
Downloading nest_asyncio-1.6.0-py3-none-any.whl (5.2 kB)
Downloading opensearch_py-2.8.0-py3-none-any.whl (353 kB)
Downloading requests-2.32.4-py3-none-any.whl (64 kB)
Downloading pg8000-1.31.2-py3-none-any.whl (54 kB)
Downloading primp-0.14.0-cp38-abi3-manylinux_2_17_x86_64.manylinux2014_x86_64.whl (3.3 MB)
   ━━━━━━━━━━━━━━━━━━━━━━━━━━━━━━━━━━━━━━━━ 3.3/3.3 MB 50.6 MB/s  0:00:00
Downloading pyasn1-0.4.8-py2.py3-none-any.whl (77 kB)
Downloading pydantic_core-2.33.1-cp313-cp313-manylinux_2_17_x86_64.manylinux2014_x86_64.whl (2.0 MB)
   ━━━━━━━━━━━━━━━━━━━━━━━━━━━━━━━━━━━━━━━━ 2.0/2.0 MB 51.4 MB/s  0:00:00
Downloading pyhumps-3.8.0-py3-none-any.whl (6.1 kB)
Downloading python_dotenv-1.1.0-py3-none-any.whl (20 kB)
Downloading python_jose-3.4.0-py2.py3-none-any.whl (34 kB)
Downloading rsa-4.9-py3-none-any.whl (34 kB)
Downloading python_ulid-1.1.0-py3-none-any.whl (9.4 kB)
Downloading requests_aws4auth-1.3.1-py3-none-any.whl (24 kB)
Downloading reretry-0.11.8-py2.py3-none-any.whl (5.6 kB)
Downloading scramp-1.4.5-py3-none-any.whl (12 kB)
Downloading six-1.17.0-py2.py3-none-any.whl (11 kB)
Downloading sniffio-1.3.1-py3-none-any.whl (10 kB)
Downloading tenacity-8.3.0-py3-none-any.whl (25 kB)
Downloading types_awscrt-0.25.7-py3-none-any.whl (19 kB)
Downloading types_requests-2.32.0.20250328-py3-none-any.whl (20 kB)
Downloading types_retry-0.9.9.20250322-py3-none-any.whl (7.7 kB)
Downloading types_s3transfer-0.11.4-py3-none-any.whl (19 kB)
Downloading typing_extensions-4.13.1-py3-none-any.whl (45 kB)
Downloading typing_inspection-0.4.0-py3-none-any.whl (14 kB)
Downloading uvicorn-0.34.0-py3-none-any.whl (62 kB)
Downloading websockets-15.0.1-cp313-cp313-manylinux_2_5_x86_64.manylinux1_x86_64.manylinux_2_17_x86_64.manylinux2014_x86_64.whl (182 kB)
Building wheels for collected packages: langdetect
  Building wheel for langdetect (pyproject.toml): started
  Building wheel for langdetect (pyproject.toml): finished with status 'done'
  Created wheel for langdetect: filename=langdetect-1.0.9-py3-none-any.whl size=993332 sha256=eba81b5c3a0ad914f0b4a9d07f56f911cfb442ddbf3d409a9f43633a2e944a25
  Stored in directory: /tmp/pip-cache/wheels/eb/87/25/2dddf1c94e1786054e25022ec5530bfed52bad86d882999c48
Successfully built langdetect
Installing collected packages: pyhumps, pyasn1, events, asn1crypto, argparse, websockets, urllib3, typing-extensions, types-s3transfer, types-retry, types-awscrt, tenacity, sniffio, six, scramp, rsa, reretry, python-ulid, python-dotenv, primp, nest-asyncio, mypy-boto3-bedrock-runtime, mypy-boto3-bedrock-agent-runtime, mypy-boto3-bedrock, lxml, jmespath, idna, h11, click, charset-normalizer, certifi, annotated-types, uvicorn, typing-inspection, types-requests, requests, python-dateutil, pydantic-core, langdetect, ecdsa, duckduckgo-search, botocore-stubs, anyio, starlette, requests-aws4auth, python-jose, pydantic, pg8000, opensearch-py, botocore, boto3-stubs, s3transfer, firecrawl-py, fastapi, boto3

Successfully installed annotated-types-0.7.0 anyio-4.9.0 argparse-1.4.0 asn1crypto-1.5.1 boto3-1.37.29 boto3-stubs-1.37.29 botocore-1.37.29 botocore-stubs-1.37.29 certifi-2025.1.31 charset-normalizer-3.4.1 click-8.1.8 duckduckgo-search-7.5.5 ecdsa-0.19.1 events-0.5 fastapi-0.115.12 firecrawl-py-1.15.0 h11-0.16.0 idna-3.10 jmespath-1.0.1 langdetect-1.0.9 lxml-5.3.2 mypy-boto3-bedrock-1.37.29 mypy-boto3-bedrock-agent-runtime-1.37.22 mypy-boto3-bedrock-runtime-1.37.29 nest-asyncio-1.6.0 opensearch-py-2.8.0 pg8000-1.31.2 primp-0.14.0 pyasn1-0.4.8 pydantic-2.11.2 pydantic-core-2.33.1 pyhumps-3.8.0 python-dateutil-2.9.0.post0 python-dotenv-1.1.0 python-jose-3.4.0 python-ulid-1.1.0 requests-2.32.4 requests-aws4auth-1.3.1 reretry-0.11.8 rsa-4.9 s3transfer-0.11.4 scramp-1.4.5 six-1.17.0 sniffio-1.3.1 starlette-0.46.1 tenacity-8.3.0 types-awscrt-0.25.7 types-requests-2.32.0.20250328 types-retry-0.9.9.20250322 types-s3transfer-0.11.4 typing-extensions-4.13.1 typing-inspection-0.4.0 urllib3-2.5.0 uvicorn-0.34.0 websockets-15.0.1
#0 building with "desktop-linux" instance using docker driver

#1 [internal] load build definition from Dockerfile
#1 transferring dockerfile: 1.56kB done
#1 DONE 0.0s

#2 [internal] load metadata for public.ecr.aws/sam/build-python3.13:latest
#2 DONE 1.7s

#3 [internal] load .dockerignore
#3 transferring context: 2B done
#3 DONE 0.0s

#4 [1/2] FROM public.ecr.aws/sam/build-python3.13:latest@sha256:37ec6bb4a7ffbab3e594d4c3505bcd76b28089dbc3280840ce42c711802ec672
#4 resolve public.ecr.aws/sam/build-python3.13:latest@sha256:37ec6bb4a7ffbab3e594d4c3505bcd76b28089dbc3280840ce42c711802ec672 0.0s done
#4 DONE 0.0s

#5 [2/2] RUN     python -m venv /usr/app/venv &&     mkdir /tmp/pip-cache &&     chmod -R 777 /tmp/pip-cache &&     pip install --upgrade pip &&     mkdir /tmp/poetry-cache &&     chmod -R 777 /tmp/poetry-cache &&     pip install pipenv==2022.4.8 poetry==1.8.3 &&     rm -rf /tmp/pip-cache/* /tmp/poetry-cache/*
#5 CACHED

#6 exporting to image
#6 exporting layers done
#6 exporting manifest sha256:ca076aa16d4962f63a2f2d103f6aa4b0cf34507d7c855497136ce8e51181d760 done
#6 exporting config sha256:0ecf7d14582bad546309fd1e1f25938546b8ae3b41f965ce72d1b104b97f1fdc done
#6 exporting attestation manifest sha256:ab2e468f68e69ae43e1aaf303d4d3df554dc4d9fb42553a304b2b3afc3ed2b1e 0.0s done
#6 exporting manifest list sha256:ef6c3a392c9fae2a10a293580f0c9d90179297b6a99da26856478cd9e7d21d29 done
#6 naming to docker.io/library/cdk-5fddbd774d47abfe19939089e322298ed1d3b131086d6efeda48abe14dfc9e42:latest done
#6 DONE 0.1s
[Warning at /BedrockChatStack/BackendApi/HandlerV2] SnapStart only supports published Lambda versions. Ignore if function already has published versions. [ack: @aws-cdk/aws-lambda:snapStartRequirePublish]
[Warning at /BedrockChatStack/WebSocket/HandlerV2] SnapStart only supports published Lambda versions. Ignore if function already has published versions. [ack: @aws-cdk/aws-lambda:snapStartRequirePublish]

✨  Synthesis time: 648.33s

FrontendWafStack: start: Building FrontendWafStack Template
FrontendWafStack: success: Built FrontendWafStack Template
BedrockRegionResourcesStack: start: Building BedrockRegionResourcesStack Template
BedrockRegionResourcesStack: success: Built BedrockRegionResourcesStack Template
BedrockChatStack: start: Building SourceDeploy/Asset1
BedrockChatStack: success: Built SourceDeploy/Asset1
BedrockChatStack: start: Building BackendApi/HandlerV2/Code
BedrockChatStack: success: Built BackendApi/HandlerV2/Code
BedrockChatStack: start: Building Frontend/ReactBuild/Source-..frontend
BedrockChatStack: success: Built Frontend/ReactBuild/Source-..frontend
BedrockChatStack: start: Building BedrockChatStack Template
BedrockChatStack: success: Built BedrockChatStack Template
BedrockChatStack: start: Building Embedding/UpdateSyncStatusHandler/AssetImage
BedrockRegionResourcesStack: start: Publishing BedrockRegionResourcesStack Template (current_account-us-east-1)
FrontendWafStack: start: Publishing FrontendWafStack Template (current_account-us-east-1)
#0 building with "desktop-linux" instance using docker driver

#1 [internal] load build definition from lambda.Dockerfile
#1 transferring dockerfile: 496B 0.1s done
#1 DONE 0.1s

#2 [internal] load metadata for public.ecr.aws/lambda/python:3.13
#2 DONE 2.8s

#3 [internal] load .dockerignore
#3 transferring context: 2B done
#3 DONE 0.0s

#4 [1/5] FROM public.ecr.aws/lambda/python:3.13@sha256:2b00c9883624cadf45e7daf1953a7c4ef8bcd56238847c670d0c2aedd9926f5b
#4 resolve public.ecr.aws/lambda/python:3.13@sha256:2b00c9883624cadf45e7daf1953a7c4ef8bcd56238847c670d0c2aedd9926f5b 0.1s done
#4 DONE 0.1s

#5 [internal] load build context
#5 transferring context: 593.88kB 0.1s done
#5 DONE 0.2s

#4 [1/5] FROM public.ecr.aws/lambda/python:3.13@sha256:2b00c9883624cadf45e7daf1953a7c4ef8bcd56238847c670d0c2aedd9926f5b
#4 DONE 0.3s

#4 [1/5] FROM public.ecr.aws/lambda/python:3.13@sha256:2b00c9883624cadf45e7daf1953a7c4ef8bcd56238847c670d0c2aedd9926f5b
#4 sha256:bd117fb96e0d9ef87b2ba7fb596a0ef3751b5a5f41520bd67d41cfb8ebeb9aa1 0B / 155.07MB 0.2s
#4 sha256:d4c8dcc213b262358c2435217cddf8edfad10c467892aa7259ed3420802323dc 0B / 14.19kB 0.2s
#4 sha256:90ecbd582396d70f9da5f5bd954dd5aad872db6f5bf91e707dfe2262e9b51814 0B / 416B 0.2s
#4 sha256:b55424820960c2e878a5a74358749ca1e9ef12e6762369613d9c09712d849259 0B / 88.13kB 0.2s
#4 sha256:bd117fb96e0d9ef87b2ba7fb596a0ef3751b5a5f41520bd67d41cfb8ebeb9aa1 8.39MB / 155.07MB 0.5s
#4 sha256:d4c8dcc213b262358c2435217cddf8edfad10c467892aa7259ed3420802323dc 14.19kB / 14.19kB 0.5s done
#4 sha256:90ecbd582396d70f9da5f5bd954dd5aad872db6f5bf91e707dfe2262e9b51814 416B / 416B 0.7s done
#4 sha256:b55424820960c2e878a5a74358749ca1e9ef12e6762369613d9c09712d849259 88.13kB / 88.13kB 0.8s done
#4 sha256:bd117fb96e0d9ef87b2ba7fb596a0ef3751b5a5f41520bd67d41cfb8ebeb9aa1 44.04MB / 155.07MB 1.1s
#4 sha256:204a353b39926464a283152a0636a58ea0fc6e1cecc3962930d644b782e95d72 0B / 36.89MB 0.2s
#4 sha256:bd117fb96e0d9ef87b2ba7fb596a0ef3751b5a5f41520bd67d41cfb8ebeb9aa1 52.43MB / 155.07MB 1.2s
FrontendWafStack: success: Published FrontendWafStack Template (current_account-us-east-1)
FrontendWafStack
FrontendWafStack: deploying... [1/3]
#4 sha256:bd117fb96e0d9ef87b2ba7fb596a0ef3751b5a5f41520bd67d41cfb8ebeb9aa1 61.87MB / 155.07MB 1.4s
#4 sha256:bd117fb96e0d9ef87b2ba7fb596a0ef3751b5a5f41520bd67d41cfb8ebeb9aa1 75.50MB / 155.07MB 1.7s
#4 sha256:204a353b39926464a283152a0636a58ea0fc6e1cecc3962930d644b782e95d72 2.10MB / 36.89MB 0.8s
BedrockRegionResourcesStack: success: Published BedrockRegionResourcesStack Template (current_account-us-east-1)
#4 sha256:bd117fb96e0d9ef87b2ba7fb596a0ef3751b5a5f41520bd67d41cfb8ebeb9aa1 87.40MB / 155.07MB 2.0s
#4 sha256:204a353b39926464a283152a0636a58ea0fc6e1cecc3962930d644b782e95d72 4.19MB / 36.89MB 1.2s
#4 sha256:bd117fb96e0d9ef87b2ba7fb596a0ef3751b5a5f41520bd67d41cfb8ebeb9aa1 100.66MB / 155.07MB 2.3s
#4 sha256:204a353b39926464a283152a0636a58ea0fc6e1cecc3962930d644b782e95d72 6.29MB / 36.89MB 1.5s
#4 sha256:bd117fb96e0d9ef87b2ba7fb596a0ef3751b5a5f41520bd67d41cfb8ebeb9aa1 116.39MB / 155.07MB 2.6s
#4 sha256:204a353b39926464a283152a0636a58ea0fc6e1cecc3962930d644b782e95d72 8.39MB / 36.89MB 1.8s
#4 sha256:bd117fb96e0d9ef87b2ba7fb596a0ef3751b5a5f41520bd67d41cfb8ebeb9aa1 125.83MB / 155.07MB 2.7s
#4 sha256:bd117fb96e0d9ef87b2ba7fb596a0ef3751b5a5f41520bd67d41cfb8ebeb9aa1 134.22MB / 155.07MB 2.9s
#4 sha256:204a353b39926464a283152a0636a58ea0fc6e1cecc3962930d644b782e95d72 10.49MB / 36.89MB 2.1s
#4 sha256:bd117fb96e0d9ef87b2ba7fb596a0ef3751b5a5f41520bd67d41cfb8ebeb9aa1 148.90MB / 155.07MB 3.2s
#4 sha256:204a353b39926464a283152a0636a58ea0fc6e1cecc3962930d644b782e95d72 12.58MB / 36.89MB 2.4s
#4 sha256:bd117fb96e0d9ef87b2ba7fb596a0ef3751b5a5f41520bd67d41cfb8ebeb9aa1 155.07MB / 155.07MB 3.3s done
#4 sha256:204a353b39926464a283152a0636a58ea0fc6e1cecc3962930d644b782e95d72 15.73MB / 36.89MB 2.7s
#4 sha256:204a353b39926464a283152a0636a58ea0fc6e1cecc3962930d644b782e95d72 17.83MB / 36.89MB 2.9s
#4 sha256:204a353b39926464a283152a0636a58ea0fc6e1cecc3962930d644b782e95d72 20.97MB / 36.89MB 3.0s
#4 sha256:204a353b39926464a283152a0636a58ea0fc6e1cecc3962930d644b782e95d72 26.21MB / 36.89MB 3.2s
#4 sha256:204a353b39926464a283152a0636a58ea0fc6e1cecc3962930d644b782e95d72 33.55MB / 36.89MB 3.3s
#4 sha256:204a353b39926464a283152a0636a58ea0fc6e1cecc3962930d644b782e95d72 36.89MB / 36.89MB 3.4s done
#4 extracting sha256:204a353b39926464a283152a0636a58ea0fc6e1cecc3962930d644b782e95d72
#4 extracting sha256:204a353b39926464a283152a0636a58ea0fc6e1cecc3962930d644b782e95d72 0.9s done
#4 DONE 5.3s

#4 [1/5] FROM public.ecr.aws/lambda/python:3.13@sha256:2b00c9883624cadf45e7daf1953a7c4ef8bcd56238847c670d0c2aedd9926f5b
#4 extracting sha256:b55424820960c2e878a5a74358749ca1e9ef12e6762369613d9c09712d849259 0.0s done
#4 extracting sha256:90ecbd582396d70f9da5f5bd954dd5aad872db6f5bf91e707dfe2262e9b51814 0.0s done
#4 extracting sha256:cf3f8ccf59bb8a5521b534e49ed2704708ee64e1e932f781f054797204e9d4ef 0.1s done
#4 extracting sha256:bd117fb96e0d9ef87b2ba7fb596a0ef3751b5a5f41520bd67d41cfb8ebeb9aa1
#4 extracting sha256:bd117fb96e0d9ef87b2ba7fb596a0ef3751b5a5f41520bd67d41cfb8ebeb9aa1 2.4s done
#4 DONE 7.8s

#4 [1/5] FROM public.ecr.aws/lambda/python:3.13@sha256:2b00c9883624cadf45e7daf1953a7c4ef8bcd56238847c670d0c2aedd9926f5b
#4 extracting sha256:d4c8dcc213b262358c2435217cddf8edfad10c467892aa7259ed3420802323dc done
#4 DONE 7.8s

#6 [2/5] COPY ./pyproject.toml ./poetry.lock ./
#6 DONE 0.4s

#7 [3/5] RUN python -m pip install --upgrade pip &&     pip install poetry --no-cache-dir &&     poetry config virtualenvs.create false &&     poetry install --no-interaction --no-ansi --only main &&     poetry cache clear --all pypi
#7 0.662 Requirement already satisfied: pip in /var/lang/lib/python3.13/site-packages (25.2)
FrontendWafStack: creating CloudFormation changeset...
FrontendWafStack | 0/3 | 1:38:08 PM | UPDATE_IN_PROGRESS   | AWS::CloudFormation::Stack | FrontendWafStack User Initiated
#7 15.93 WARNING: Running pip as the 'root' user can result in broken permissions and conflicting behaviour with the system package manager, possibly rendering your system unusable. It is recommended to use a virtual environment instead: https://pip.pypa.io/warnings/venv. Use the --root-user-action option if you know what you are doing and want to suppress this warning.
FrontendWafStack | 0/3 | 1:38:11 PM | UPDATE_IN_PROGRESS   | AWS::CDK::Metadata         | CDKMetadata/Default (CDKMetadata) 
FrontendWafStack | 1/3 | 1:38:12 PM | UPDATE_COMPLETE      | AWS::CDK::Metadata         | CDKMetadata/Default (CDKMetadata) 
FrontendWafStack | 2/3 | 1:38:13 PM | UPDATE_COMPLETE_CLEA | AWS::CloudFormation::Stack | FrontendWafStack 
FrontendWafStack | 3/3 | 1:38:14 PM | UPDATE_COMPLETE      | AWS::CloudFormation::Stack | FrontendWafStack 

 ✅  FrontendWafStack

✨  Deployment time: 26.95s

Outputs:
FrontendWafStack.ExportsOutputFnGetAttWebAclArnEF1FFB35 = arn:aws:wafv2:us-east-1:986026845672:global/webacl/FrontendWebAcl/9c1a9c18-6237-4204-bf64-9ed6d054d25b
FrontendWafStack.WebAclId = arn:aws:wafv2:us-east-1:986026845672:global/webacl/FrontendWebAcl/9c1a9c18-6237-4204-bf64-9ed6d054d25b
Stack ARN:
arn:aws:cloudformation:us-east-1:986026845672:stack/FrontendWafStack/9b99d4f0-792b-11f0-943f-129d97db9447

✨  Total time: 675.29s

BedrockRegionResourcesStack
BedrockRegionResourcesStack: deploying... [2/3]
BedrockRegionResourcesStack: creating CloudFormation changeset...
#7 36.94 Collecting poetry
BedrockRegionResourcesStack | 0/3 | 1:38:31 PM | UPDATE_IN_PROGRESS   | AWS::CloudFormation::Stack  | BedrockRegionResourcesStack User Initiated
BedrockRegionResourcesStack | 0/3 | 1:38:35 PM | UPDATE_IN_PROGRESS   | AWS::CDK::Metadata          | CDKMetadata/Default (CDKMetadata) 
BedrockRegionResourcesStack | 1/3 | 1:38:35 PM | UPDATE_COMPLETE      | AWS::CDK::Metadata          | CDKMetadata/Default (CDKMetadata) 
BedrockRegionResourcesStack | 2/3 | 1:38:36 PM | UPDATE_COMPLETE_CLEA | AWS::CloudFormation::Stack  | BedrockRegionResourcesStack 
BedrockRegionResourcesStack | 3/3 | 1:38:37 PM | UPDATE_COMPLETE      | AWS::CloudFormation::Stack  | BedrockRegionResourcesStack 

 ✅  BedrockRegionResourcesStack

✨  Deployment time: 23.53s

Outputs:
BedrockRegionResourcesStack.DocumentBucketName = bedrockregionresourcessta-useast1documentbucket038-7q2rkyc8ptfu
BedrockRegionResourcesStack.ExportsOutputFnGetAttuseast1DocumentBucket03850312ArnE0305841 = arn:aws:s3:::bedrockregionresourcessta-useast1documentbucket038-7q2rkyc8ptfu
BedrockRegionResourcesStack.ExportsOutputRefuseast1DocumentBucket03850312569AE9EC = bedrockregionresourcessta-useast1documentbucket038-7q2rkyc8ptfu
Stack ARN:
arn:aws:cloudformation:us-east-1:986026845672:stack/BedrockRegionResourcesStack/a5741c10-792b-11f0-8abe-0e64f1fb0e07

✨  Total time: 671.86s

BedrockChatStack: start: Publishing SourceDeploy/Asset1 (current_account-us-east-1)
BedrockChatStack: start: Publishing BackendApi/HandlerV2/Code (current_account-us-east-1)
BedrockChatStack: start: Publishing Frontend/ReactBuild/Source-..frontend (current_account-us-east-1)
BedrockChatStack: start: Publishing BedrockChatStack Template (current_account-us-east-1)
#7 52.15   Downloading poetry-2.2.1-py3-none-any.whl.metadata (7.4 kB)
#7 52.21 Collecting build<2.0.0,>=1.2.1 (from poetry)
#7 52.25   Downloading build-1.3.0-py3-none-any.whl.metadata (5.6 kB)
#7 52.29 Collecting cachecontrol<0.15.0,>=0.14.0 (from cachecontrol[filecache]<0.15.0,>=0.14.0->poetry)
#7 52.33   Downloading cachecontrol-0.14.3-py3-none-any.whl.metadata (3.1 kB)
#7 52.37 Collecting cleo<3.0.0,>=2.1.0 (from poetry)
#7 52.42   Downloading cleo-2.1.0-py3-none-any.whl.metadata (12 kB)
#7 52.59 Collecting dulwich<0.25.0,>=0.24.0 (from poetry)
#7 52.63   Downloading dulwich-0.24.2-cp313-cp313-manylinux_2_28_x86_64.whl.metadata (5.4 kB)
#7 52.68 Collecting fastjsonschema<3.0.0,>=2.18.0 (from poetry)
#7 52.71   Downloading fastjsonschema-2.21.2-py3-none-any.whl.metadata (2.3 kB)
#7 52.75 Collecting findpython<0.8.0,>=0.6.2 (from poetry)
#7 52.83   Downloading findpython-0.7.0-py3-none-any.whl.metadata (5.4 kB)
#7 52.88 Collecting installer<0.8.0,>=0.7.0 (from poetry)
#7 52.94   Downloading installer-0.7.0-py3-none-any.whl.metadata (936 bytes)
#7 53.01 Collecting keyring<26.0.0,>=25.1.0 (from poetry)
#7 53.05   Downloading keyring-25.6.0-py3-none-any.whl.metadata (20 kB)
#7 53.10 Collecting packaging>=24.2 (from poetry)
#7 53.14   Downloading packaging-25.0-py3-none-any.whl.metadata (3.3 kB)
#7 53.26 Collecting pbs-installer<2026.0.0,>=2025.1.6 (from pbs-installer[download,install]<2026.0.0,>=2025.1.6->poetry)
#7 53.30   Downloading pbs_installer-2025.10.10-py3-none-any.whl.metadata (992 bytes)
#7 53.37 Collecting pkginfo<2.0,>=1.12 (from poetry)
#7 53.40   Downloading pkginfo-1.12.1.2-py3-none-any.whl.metadata (13 kB)
#7 53.46 Collecting platformdirs<5,>=3.0.0 (from poetry)
#7 53.50   Downloading platformdirs-4.5.0-py3-none-any.whl.metadata (12 kB)
#7 53.55 Collecting poetry-core==2.2.1 (from poetry)
#7 53.59   Downloading poetry_core-2.2.1-py3-none-any.whl.metadata (3.8 kB)
#7 53.63 Collecting pyproject-hooks<2.0.0,>=1.0.0 (from poetry)
#7 53.66   Downloading pyproject_hooks-1.2.0-py3-none-any.whl.metadata (1.3 kB)
#7 53.72 Collecting requests<3.0,>=2.26 (from poetry)
#7 53.76   Downloading requests-2.32.5-py3-none-any.whl.metadata (4.9 kB)
node:internal/fs/promises:1040
  const result = await PromisePrototypeThen(
                 ^

Error: ENOENT: no such file or directory, stat '/Users/tuanna/Desktop/Cloud/seedcom/tuan-seedcom-bedrock-chat/cdk/cdk.out/asset.9dae38f8696fb1f00e5a53f3c577f81a8b6792f3d08e74ed01d2846577a03fa7/venv/bin/python3.13'
    at async Object.stat (node:internal/fs/promises:1040:18)
    at async Promise.all (index 1)
    at async /Users/tuanna/Desktop/Cloud/seedcom/tuan-seedcom-bedrock-chat/cdk/node_modules/aws-cdk/lib/index.js:59435:30 {
  errno: -2,
  code: 'ENOENT',
  syscall: 'stat',
  path: '/Users/tuanna/Desktop/Cloud/seedcom/tuan-seedcom-bedrock-chat/cdk/cdk.out/asset.9dae38f8696fb1f00e5a53f3c577f81a8b6792f3d08e74ed01d2846577a03fa7/venv/bin/python3.13'
}

Node.js v24.7.0
